C:/Users/nicis/HESSO/MSc_ElE/MA_DeSEm/ma-desem/Lab_DeseNet/work/desenet-sensor/src/xf/ixfevent.h:41:5:IXFEvent::IXFEvent(IXFEvent::eEventType, int, IXFReactive*)	24	static
C:/Users/nicis/HESSO/MSc_ElE/MA_DeSEm/ma-desem/Lab_DeseNet/work/desenet-sensor/src/xf/ixfevent.h:42:13:IXFEvent::~IXFEvent()	16	static
C:/Users/nicis/HESSO/MSc_ElE/MA_DeSEm/ma-desem/Lab_DeseNet/work/desenet-sensor/src/xf/ixfevent.h:42:13:virtual IXFEvent::~IXFEvent()	16	static
C:/Users/nicis/HESSO/MSc_ElE/MA_DeSEm/ma-desem/Lab_DeseNet/work/desenet-sensor/src/xf/ixfevent.h:66:17:void IXFEvent::setShouldDelete(bool)	16	static
C:/Users/nicis/HESSO/MSc_ElE/MA_DeSEm/ma-desem/Lab_DeseNet/work/desenet-sensor/src/xf/ixfevent.h:78:9:IXFEvent::_tEventStatus::_tEventStatus()	16	static
C:/Users/nicis/HESSO/MSc_ElE/MA_DeSEm/ma-desem/Lab_DeseNet/work/desenet-sensor/src/xf/xfstaticevent.cpp:4:1:XFStaticEvent::XFStaticEvent(int, IXFReactive*)	24	static
C:/Users/nicis/HESSO/MSc_ElE/MA_DeSEm/ma-desem/Lab_DeseNet/work/desenet-sensor/src/xf/xfstaticevent.cpp:11:1:XFStaticEvent::~XFStaticEvent()	16	static
C:/Users/nicis/HESSO/MSc_ElE/MA_DeSEm/ma-desem/Lab_DeseNet/work/desenet-sensor/src/xf/xfstaticevent.cpp:11:1:virtual XFStaticEvent::~XFStaticEvent()	16	static
