../common/xf/ixfevent.h:48:23:IXFEvent::eEventType IXFEvent::getEventType() const	16	static
../common/xf/ixfevent.h:59:17:void IXFEvent::setBehavior(IXFReactive*)	16	static
../common/xf/xfeventstatus.h:32:5:EventStatus::EventStatus(EventStatus::eEventStatus)	16	static
../common/xf/ixfreactive.h:26:5:IXFReactive::IXFReactive(IXFThread*)	16	static
../common/xf/ixfreactive.h:27:13:IXFReactive::~IXFReactive()	16	static
../common/xf/ixfreactive.h:27:13:virtual IXFReactive::~IXFReactive()	16	static
../common/xf/xfreactive.cpp:13:1:XFReactive::XFReactive(XFThread*)	16	static
../common/xf/xfreactive.cpp:19:1:XFReactive::~XFReactive()	16	static
../common/xf/xfreactive.cpp:19:1:virtual XFReactive::~XFReactive()	16	static
../common/xf/xfreactive.cpp:24:6:virtual void XFReactive::startBehavior()	24	static
../common/xf/xfreactive.cpp:30:6:virtual void XFReactive::pushEvent(IXFEvent*)	16	static
../common/xf/xfreactive.cpp:50:13:virtual EventStatus XFReactive::process(IXFEvent*)	24	static
../common/xf/xfreactive.cpp:69:13:virtual EventStatus XFReactive::processEvent()	24	static
../common/xf/xfreactive.cpp:78:12:virtual XFThread* XFReactive::getThread()	16	static
../common/xf/xfreactive.cpp:83:6:void XFReactive::setCurrentEvent(IXFEvent*)	16	static
../common/xf/xfreactive.cpp:88:12:IXFEvent* XFReactive::getCurrentEvent() const	16	static
../common/xf/xfreactive.cpp:98:13:XFTimeout* XFReactive::getCurrentTimeout()	16	static
