Archive member included to satisfy reference by file (symbol)

c:/st/stm32cubeide_1.10.1/stm32cubeide/plugins/com.st.stm32cube.ide.mcu.externaltools.gnu-tools-for-stm32.10.3-2021.10.win32_1.0.0.202111181127/tools/bin/../lib/gcc/arm-none-eabi/10.3.1/../../../../arm-none-eabi/lib/thumb/v7e-m+fp/hard\libstdc++_nano.a(del_ops.o)
                              ./app/buttonmanager.o (operator delete(void*, unsigned int))
c:/st/stm32cubeide_1.10.1/stm32cubeide/plugins/com.st.stm32cube.ide.mcu.externaltools.gnu-tools-for-stm32.10.3-2021.10.win32_1.0.0.202111181127/tools/bin/../lib/gcc/arm-none-eabi/10.3.1/../../../../arm-none-eabi/lib/thumb/v7e-m+fp/hard\libstdc++_nano.a(guard.o)
                              ./app/buttonmanager.o (__cxa_guard_acquire)
c:/st/stm32cubeide_1.10.1/stm32cubeide/plugins/com.st.stm32cube.ide.mcu.externaltools.gnu-tools-for-stm32.10.3-2021.10.win32_1.0.0.202111181127/tools/bin/../lib/gcc/arm-none-eabi/10.3.1/../../../../arm-none-eabi/lib/thumb/v7e-m+fp/hard\libstdc++_nano.a(new_op.o)
                              ./app/buttonmanager.o (operator new(unsigned int))
c:/st/stm32cubeide_1.10.1/stm32cubeide/plugins/com.st.stm32cube.ide.mcu.externaltools.gnu-tools-for-stm32.10.3-2021.10.win32_1.0.0.202111181127/tools/bin/../lib/gcc/arm-none-eabi/10.3.1/../../../../arm-none-eabi/lib/thumb/v7e-m+fp/hard\libstdc++_nano.a(pure.o)
                              ./app/buttonmanager.o (__cxa_pure_virtual)
c:/st/stm32cubeide_1.10.1/stm32cubeide/plugins/com.st.stm32cube.ide.mcu.externaltools.gnu-tools-for-stm32.10.3-2021.10.win32_1.0.0.202111181127/tools/bin/../lib/gcc/arm-none-eabi/10.3.1/../../../../arm-none-eabi/lib/thumb/v7e-m+fp/hard\libstdc++_nano.a(list.o)
                              ./common/xf/xftimeoutmanager.o (std::__detail::_List_node_base::_M_hook(std::__detail::_List_node_base*))
c:/st/stm32cubeide_1.10.1/stm32cubeide/plugins/com.st.stm32cube.ide.mcu.externaltools.gnu-tools-for-stm32.10.3-2021.10.win32_1.0.0.202111181127/tools/bin/../lib/gcc/arm-none-eabi/10.3.1/../../../../arm-none-eabi/lib/thumb/v7e-m+fp/hard\libstdc++_nano.a(functexcept.o)
                              ./common/xf/xfthread.o (std::__throw_bad_alloc())
c:/st/stm32cubeide_1.10.1/stm32cubeide/plugins/com.st.stm32cube.ide.mcu.externaltools.gnu-tools-for-stm32.10.3-2021.10.win32_1.0.0.202111181127/tools/bin/../lib/gcc/arm-none-eabi/10.3.1/../../../../arm-none-eabi/lib/thumb/v7e-m+fp/hard\libstdc++_nano.a(snprintf_lite.o)
                              c:/st/stm32cubeide_1.10.1/stm32cubeide/plugins/com.st.stm32cube.ide.mcu.externaltools.gnu-tools-for-stm32.10.3-2021.10.win32_1.0.0.202111181127/tools/bin/../lib/gcc/arm-none-eabi/10.3.1/../../../../arm-none-eabi/lib/thumb/v7e-m+fp/hard\libstdc++_nano.a(functexcept.o) (__gnu_cxx::__snprintf_lite(char*, unsigned int, char const*, std::__va_list))
c:/st/stm32cubeide_1.10.1/stm32cubeide/plugins/com.st.stm32cube.ide.mcu.externaltools.gnu-tools-for-stm32.10.3-2021.10.win32_1.0.0.202111181127/tools/bin/../lib/gcc/arm-none-eabi/10.3.1/../../../../arm-none-eabi/lib/thumb/v7e-m+fp/hard\libstdc++_nano.a(del_op.o)
                              c:/st/stm32cubeide_1.10.1/stm32cubeide/plugins/com.st.stm32cube.ide.mcu.externaltools.gnu-tools-for-stm32.10.3-2021.10.win32_1.0.0.202111181127/tools/bin/../lib/gcc/arm-none-eabi/10.3.1/../../../../arm-none-eabi/lib/thumb/v7e-m+fp/hard\libstdc++_nano.a(del_ops.o) (operator delete(void*))
c:/st/stm32cubeide_1.10.1/stm32cubeide/plugins/com.st.stm32cube.ide.mcu.externaltools.gnu-tools-for-stm32.10.3-2021.10.win32_1.0.0.202111181127/tools/bin/../lib/gcc/arm-none-eabi/10.3.1/../../../../arm-none-eabi/lib/thumb/v7e-m+fp/hard\libstdc++_nano.a(eh_terminate.o)
                              c:/st/stm32cubeide_1.10.1/stm32cubeide/plugins/com.st.stm32cube.ide.mcu.externaltools.gnu-tools-for-stm32.10.3-2021.10.win32_1.0.0.202111181127/tools/bin/../lib/gcc/arm-none-eabi/10.3.1/../../../../arm-none-eabi/lib/thumb/v7e-m+fp/hard\libstdc++_nano.a(pure.o) (std::terminate())
c:/st/stm32cubeide_1.10.1/stm32cubeide/plugins/com.st.stm32cube.ide.mcu.externaltools.gnu-tools-for-stm32.10.3-2021.10.win32_1.0.0.202111181127/tools/bin/../lib/gcc/arm-none-eabi/10.3.1/../../../../arm-none-eabi/lib/thumb/v7e-m+fp/hard\libstdc++_nano.a(eh_unex_handler.o)
                              c:/st/stm32cubeide_1.10.1/stm32cubeide/plugins/com.st.stm32cube.ide.mcu.externaltools.gnu-tools-for-stm32.10.3-2021.10.win32_1.0.0.202111181127/tools/bin/../lib/gcc/arm-none-eabi/10.3.1/../../../../arm-none-eabi/lib/thumb/v7e-m+fp/hard\libstdc++_nano.a(eh_terminate.o) (__cxxabiv1::__unexpected_handler)
c:/st/stm32cubeide_1.10.1/stm32cubeide/plugins/com.st.stm32cube.ide.mcu.externaltools.gnu-tools-for-stm32.10.3-2021.10.win32_1.0.0.202111181127/tools/bin/../lib/gcc/arm-none-eabi/10.3.1/../../../../arm-none-eabi/lib/thumb/v7e-m+fp/hard\libstdc++_nano.a(new_handler.o)
[...]
Memory Configuration

Name             Origin             Length             Attributes
RAM              0x0000000020000000 0x0000000000018000 xrw
RAM2             0x0000000010000000 0x0000000000008000 xrw
FLASH            0x0000000008000000 0x0000000000100000 xr
*default*        0x0000000000000000 0xffffffffffffffff

Linker script and memory map

LOAD c:/st/stm32cubeide_1.10.1/stm32cubeide/plugins/com.st.stm32cube.ide.mcu.externaltools.gnu-tools-for-stm32.10.3-2021.10.win32_1.0.0.202111181127/tools/bin/../lib/gcc/arm-none-eabi/10.3.1/thumb/v7e-m+fp/hard/crti.o
LOAD c:/st/stm32cubeide_1.10.1/stm32cubeide/plugins/com.st.stm32cube.ide.mcu.externaltools.gnu-tools-for-stm32.10.3-2021.10.win32_1.0.0.202111181127/tools/bin/../lib/gcc/arm-none-eabi/10.3.1/thumb/v7e-m+fp/hard/crtbegin.o
LOAD c:/st/stm32cubeide_1.10.1/stm32cubeide/plugins/com.st.stm32cube.ide.mcu.externaltools.gnu-tools-for-stm32.10.3-2021.10.win32_1.0.0.202111181127/tools/bin/../lib/gcc/arm-none-eabi/10.3.1/../../../../arm-none-eabi/lib/thumb/v7e-m+fp/hard/crt0.o
LOAD ./Core/Src/main.o
LOAD ./Core/Src/stm32l4xx_hal_msp.o
LOAD ./Core/Src/stm32l4xx_it.o
LOAD ./Core/Src/syscalls.o
LOAD ./Core/Src/sysmem.o
LOAD ./Core/Src/system_stm32l4xx.o
LOAD ./Core/Startup/startup_stm32l476rgtx.o
LOAD ./Drivers/STM32L4xx_HAL_Driver/Src/stm32l4xx_hal.o
LOAD ./Drivers/STM32L4xx_HAL_Driver/Src/stm32l4xx_hal_cortex.o
LOAD ./Drivers/STM32L4xx_HAL_Driver/Src/stm32l4xx_hal_dma.o
LOAD ./Drivers/STM32L4xx_HAL_Driver/Src/stm32l4xx_hal_dma_ex.o
LOAD ./Drivers/STM32L4xx_HAL_Driver/Src/stm32l4xx_hal_exti.o
LOAD ./Drivers/STM32L4xx_HAL_Driver/Src/stm32l4xx_hal_flash.o
LOAD ./Drivers/STM32L4xx_HAL_Driver/Src/stm32l4xx_hal_flash_ex.o
LOAD ./Drivers/STM32L4xx_HAL_Driver/Src/stm32l4xx_hal_flash_ramfunc.o
LOAD ./Drivers/STM32L4xx_HAL_Driver/Src/stm32l4xx_hal_gpio.o
LOAD ./Drivers/STM32L4xx_HAL_Driver/Src/stm32l4xx_hal_i2c.o
LOAD ./Drivers/STM32L4xx_HAL_Driver/Src/stm32l4xx_hal_i2c_ex.o
LOAD ./Drivers/STM32L4xx_HAL_Driver/Src/stm32l4xx_hal_pwr.o
LOAD ./Drivers/STM32L4xx_HAL_Driver/Src/stm32l4xx_hal_pwr_ex.o
LOAD ./Drivers/STM32L4xx_HAL_Driver/Src/stm32l4xx_hal_rcc.o
LOAD ./Drivers/STM32L4xx_HAL_Driver/Src/stm32l4xx_hal_rcc_ex.o
LOAD ./Drivers/STM32L4xx_HAL_Driver/Src/stm32l4xx_hal_tim.o
LOAD ./Drivers/STM32L4xx_HAL_Driver/Src/stm32l4xx_hal_tim_ex.o
LOAD ./Drivers/STM32L4xx_HAL_Driver/Src/stm32l4xx_hal_uart.o
LOAD ./Drivers/STM32L4xx_HAL_Driver/Src/stm32l4xx_hal_uart_ex.o
LOAD ./app/buttonmanager.o
LOAD ./app/factory.o
LOAD ./common/platform/nucleo-stm32l476rg/board/board.o
LOAD ./common/platform/nucleo-stm32l476rg/board/button.o
LOAD ./common/platform/nucleo-stm32l476rg/board/led.o
LOAD ./common/platform/nucleo-stm32l476rg/board/trace.o
LOAD ./common/platform/nucleo-stm32l476rg/mcu/critical/critical.o
LOAD ./common/platform/nucleo-stm32l476rg/mcu/hal/uart.o
LOAD ./common/platform/nucleo-stm32l476rg/mcu/mcu.o
LOAD ./common/xf/initialevent.o
LOAD ./common/xf/xf.o
LOAD ./common/xf/xfevent.o
LOAD ./common/xf/xfnulltransition.o
LOAD ./common/xf/xfreactive.o
LOAD ./common/xf/xfstaticevent.o
LOAD ./common/xf/xfthread.o
LOAD ./common/xf/xftimeout.o
LOAD ./common/xf/xftimeoutmanager.o
START GROUP
LOAD c:/st/stm32cubeide_1.10.1/stm32cubeide/plugins/com.st.stm32cube.ide.mcu.externaltools.gnu-tools-for-stm32.10.3-2021.10.win32_1.0.0.202111181127/tools/bin/../lib/gcc/arm-none-eabi/10.3.1/../../../../arm-none-eabi/lib/thumb/v7e-m+fp/hard\libstdc++_nano.a
LOAD c:/st/stm32cubeide_1.10.1/stm32cubeide/plugins/com.st.stm32cube.ide.mcu.externaltools.gnu-tools-for-stm32.10.3-2021.10.win32_1.0.0.202111181127/tools/bin/../lib/gcc/arm-none-eabi/10.3.1/../../../../arm-none-eabi/lib/thumb/v7e-m+fp/hard\libsupc++_nano.a
END GROUP
LOAD c:/st/stm32cubeide_1.10.1/stm32cubeide/plugins/com.st.stm32cube.ide.mcu.externaltools.gnu-tools-for-stm32.10.3-2021.10.win32_1.0.0.202111181127/tools/bin/../lib/gcc/arm-none-eabi/10.3.1/../../../../arm-none-eabi/lib/thumb/v7e-m+fp/hard\libstdc++_nano.a
LOAD c:/st/stm32cubeide_1.10.1/stm32cubeide/plugins/com.st.stm32cube.ide.mcu.externaltools.gnu-tools-for-stm32.10.3-2021.10.win32_1.0.0.202111181127/tools/bin/../lib/gcc/arm-none-eabi/10.3.1/../../../../arm-none-eabi/lib/thumb/v7e-m+fp/hard\libm.a
LOAD c:/st/stm32cubeide_1.10.1/stm32cubeide/plugins/com.st.stm32cube.ide.mcu.externaltools.gnu-tools-for-stm32.10.3-2021.10.win32_1.0.0.202111181127/tools/bin/../lib/gcc/arm-none-eabi/10.3.1/../../../../arm-none-eabi/lib/thumb/v7e-m+fp/hard\libc_nano.a
START GROUP
LOAD c:/st/stm32cubeide_1.10.1/stm32cubeide/plugins/com.st.stm32cube.ide.mcu.externaltools.gnu-tools-for-stm32.10.3-2021.10.win32_1.0.0.202111181127/tools/bin/../lib/gcc/arm-none-eabi/10.3.1/thumb/v7e-m+fp/hard\libgcc.a
LOAD c:/st/stm32cubeide_1.10.1/stm32cubeide/plugins/com.st.stm32cube.ide.mcu.externaltools.gnu-tools-for-stm32.10.3-2021.10.win32_1.0.0.202111181127/tools/bin/../lib/gcc/arm-none-eabi/10.3.1/../../../../arm-none-eabi/lib/thumb/v7e-m+fp/hard\libc_nano.a
END GROUP
START GROUP
LOAD c:/st/stm32cubeide_1.10.1/stm32cubeide/plugins/com.st.stm32cube.ide.mcu.externaltools.gnu-tools-for-stm32.10.3-2021.10.win32_1.0.0.202111181127/tools/bin/../lib/gcc/arm-none-eabi/10.3.1/thumb/v7e-m+fp/hard\libgcc.a
LOAD c:/st/stm32cubeide_1.10.1/stm32cubeide/plugins/com.st.stm32cube.ide.mcu.externaltools.gnu-tools-for-stm32.10.3-2021.10.win32_1.0.0.202111181127/tools/bin/../lib/gcc/arm-none-eabi/10.3.1/../../../../arm-none-eabi/lib/thumb/v7e-m+fp/hard\libc_nano.a
LOAD c:/st/stm32cubeide_1.10.1/stm32cubeide/plugins/com.st.stm32cube.ide.mcu.externaltools.gnu-tools-for-stm32.10.3-2021.10.win32_1.0.0.202111181127/tools/bin/../lib/gcc/arm-none-eabi/10.3.1/../../../../arm-none-eabi/lib/thumb/v7e-m+fp/hard\libnosys.a
END GROUP
START GROUP
LOAD c:/st/stm32cubeide_1.10.1/stm32cubeide/plugins/com.st.stm32cube.ide.mcu.externaltools.gnu-tools-for-stm32.10.3-2021.10.win32_1.0.0.202111181127/tools/bin/../lib/gcc/arm-none-eabi/10.3.1/thumb/v7e-m+fp/hard\libgcc.a
LOAD c:/st/stm32cubeide_1.10.1/stm32cubeide/plugins/com.st.stm32cube.ide.mcu.externaltools.gnu-tools-for-stm32.10.3-2021.10.win32_1.0.0.202111181127/tools/bin/../lib/gcc/arm-none-eabi/10.3.1/../../../../arm-none-eabi/lib/thumb/v7e-m+fp/hard\libc_nano.a
LOAD c:/st/stm32cubeide_1.10.1/stm32cubeide/plugins/com.st.stm32cube.ide.mcu.externaltools.gnu-tools-for-stm32.10.3-2021.10.win32_1.0.0.202111181127/tools/bin/../lib/gcc/arm-none-eabi/10.3.1/../../../../arm-none-eabi/lib/thumb/v7e-m+fp/hard\libnosys.a
END GROUP
LOAD c:/st/stm32cubeide_1.10.1/stm32cubeide/plugins/com.st.stm32cube.ide.mcu.externaltools.gnu-tools-for-stm32.10.3-2021.10.win32_1.0.0.202111181127/tools/bin/../lib/gcc/arm-none-eabi/10.3.1/thumb/v7e-m+fp/hard/crtend.o
LOAD c:/st/stm32cubeide_1.10.1/stm32cubeide/plugins/com.st.stm32cube.ide.mcu.externaltools.gnu-tools-for-stm32.10.3-2021.10.win32_1.0.0.202111181127/tools/bin/../lib/gcc/arm-none-eabi/10.3.1/thumb/v7e-m+fp/hard/crtn.o
                0x0000000020018000                _estack = (ORIGIN (RAM) + LENGTH (RAM))
                0x0000000000000200                _Min_Heap_Size = 0x200
                0x0000000000000400                _Min_Stack_Size = 0x400

.isr_vector     0x0000000008000000      0x188
                0x0000000008000000                . = ALIGN (0x4)
 *(.isr_vector)
 .isr_vector    0x0000000008000000      0x188 ./Core/Startup/startup_stm32l476rgtx.o
                0x0000000008000000                g_pfnVectors
                0x0000000008000188                . = ALIGN (0x4)

.text           0x0000000008000190     0x7eb8
                0x0000000008000190                . = ALIGN (0x4)
 *(.text)
 .text          0x0000000008000190       0x40 c:/st/stm32cubeide_1.10.1/stm32cubeide/plugins/com.st.stm32cube.ide.mcu.externaltools.gnu-tools-for-stm32.10.3-2021.10.win32_1.0.0.202111181127/tools/bin/../lib/gcc/arm-none-eabi/10.3.1/thumb/v7e-m+fp/hard/crtbegin.o
 .text          0x00000000080001d0       0x10 c:/st/stm32cubeide_1.10.1/stm32cubeide/plugins/com.st.stm32cube.ide.mcu.externaltools.gnu-tools-for-stm32.10.3-2021.10.win32_1.0.0.202111181127/tools/bin/../lib/gcc/arm-none-eabi/10.3.1/../../../../arm-none-eabi/lib/thumb/v7e-m+fp/hard\libc_nano.a(lib_a-strlen.o)
                0x00000000080001d0                strlen
 .text          0x00000000080001e0       0xa0 c:/st/stm32cubeide_1.10.1/stm32cubeide/plugins/com.st.stm32cube.ide.mcu.externaltools.gnu-tools-for-stm32.10.3-2021.10.win32_1.0.0.202111181127/tools/bin/../lib/gcc/arm-none-eabi/10.3.1/../../../../arm-none-eabi/lib/thumb/v7e-m+fp/hard\libc_nano.a(lib_a-memchr.o)
                0x00000000080001e0                memchr
 .text          0x0000000008000280       0x30 c:/st/stm32cubeide_1.10.1/stm32cubeide/plugins/com.st.stm32cube.ide.mcu.externaltools.gnu-tools-for-stm32.10.3-2021.10.win32_1.0.0.202111181127/tools/bin/../lib/gcc/arm-none-eabi/10.3.1/thumb/v7e-m+fp/hard\libgcc.a(_aeabi_uldivmod.o)
                0x0000000008000280                __aeabi_uldivmod
 .text          0x00000000080002b0      0x2d0 c:/st/stm32cubeide_1.10.1/stm32cubeide/plugins/com.st.stm32cube.ide.mcu.externaltools.gnu-tools-for-stm32.10.3-2021.10.win32_1.0.0.202111181127/tools/bin/../lib/gcc/arm-none-eabi/10.3.1/thumb/v7e-m+fp/hard\libgcc.a(_udivmoddi4.o)
                0x00000000080002b0                __udivmoddi4
 .text          0x0000000008000580        0x4 c:/st/stm32cubeide_1.10.1/stm32cubeide/plugins/com.st.stm32cube.ide.mcu.externaltools.gnu-tools-for-stm32.10.3-2021.10.win32_1.0.0.202111181127/tools/bin/../lib/gcc/arm-none-eabi/10.3.1/thumb/v7e-m+fp/hard\libgcc.a(_dvmd_tls.o)
                0x0000000008000580                __aeabi_idiv0
                0x0000000008000580                __aeabi_ldiv0
 *(.text*)
 .text.main     0x0000000008000584       0x24 ./Core/Src/main.o
                0x0000000008000584                main
 .text.SystemClock_Config
                0x00000000080005a8       0xa2 ./Core/Src/main.o
                0x00000000080005a8                SystemClock_Config
 *fill*         0x000000000800064a        0x2 
 .text.MX_USART2_UART_Init
                0x000000000800064c       0x60 ./Core/Src/main.o
 .text.MX_GPIO_Init
                0x00000000080006ac       0xd0 ./Core/Src/main.o
 .text.Error_Handler
                0x000000000800077c        0xa ./Core/Src/main.o
                0x000000000800077c                Error_Handler
 *fill*         0x0000000008000786        0x2 
 .text.HAL_MspInit
                0x0000000008000788       0x48 ./Core/Src/stm32l4xx_hal_msp.o
                0x0000000008000788                HAL_MspInit
 .text.HAL_UART_MspInit
                0x00000000080007d0       0xb8 ./Core/Src/stm32l4xx_hal_msp.o
                0x00000000080007d0                HAL_UART_MspInit
 .text.NMI_Handler
                0x0000000008000888        0x6 ./Core/Src/stm32l4xx_it.o
                0x0000000008000888                NMI_Handler
 .text.HardFault_Handler
                0x000000000800088e        0x6 ./Core/Src/stm32l4xx_it.o
                0x000000000800088e                HardFault_Handler
 .text.MemManage_Handler
                0x0000000008000894        0x6 ./Core/Src/stm32l4xx_it.o
                0x0000000008000894                MemManage_Handler
 .text.BusFault_Handler
                0x000000000800089a        0x6 ./Core/Src/stm32l4xx_it.o
                0x000000000800089a                BusFault_Handler
 .text.UsageFault_Handler
                0x00000000080008a0        0x6 ./Core/Src/stm32l4xx_it.o
                0x00000000080008a0                UsageFault_Handler
 .text.SVC_Handler
                0x00000000080008a6        0xe ./Core/Src/stm32l4xx_it.o
                0x00000000080008a6                SVC_Handler
 .text.DebugMon_Handler
                0x00000000080008b4        0xe ./Core/Src/stm32l4xx_it.o
                0x00000000080008b4                DebugMon_Handler
 .text.PendSV_Handler
                0x00000000080008c2        0xe ./Core/Src/stm32l4xx_it.o
                0x00000000080008c2                PendSV_Handler
 .text.SysTick_Handler
                0x00000000080008d0       0x34 ./Core/Src/stm32l4xx_it.o
                0x00000000080008d0                SysTick_Handler
 .text._getpid  0x0000000008000904       0x10 ./Core/Src/syscalls.o
                0x0000000008000904                _getpid
 .text._kill    0x0000000008000914       0x20 ./Core/Src/syscalls.o
                0x0000000008000914                _kill
 .text._exit    0x0000000008000934       0x14 ./Core/Src/syscalls.o
                0x0000000008000934                _exit
 .text._read    0x0000000008000948       0x3a ./Core/Src/syscalls.o
                0x0000000008000948                _read
 .text._write   0x0000000008000982       0x38 ./Core/Src/syscalls.o
                0x0000000008000982                _write
 .text._close   0x00000000080009ba       0x18 ./Core/Src/syscalls.o
                0x00000000080009ba                _close
 .text._fstat   0x00000000080009d2       0x20 ./Core/Src/syscalls.o
                0x00000000080009d2                _fstat
 .text._isatty  0x00000000080009f2       0x16 ./Core/Src/syscalls.o
                0x00000000080009f2                _isatty
 .text._lseek   0x0000000008000a08       0x1a ./Core/Src/syscalls.o
                0x0000000008000a08                _lseek
 *fill*         0x0000000008000a22        0x2 
 .text._sbrk    0x0000000008000a24       0x6c ./Core/Src/sysmem.o
                0x0000000008000a24                _sbrk
 .text.SystemInit
                0x0000000008000a90       0x64 ./Core/Src/system_stm32l4xx.o
                0x0000000008000a90                SystemInit
 .text.Reset_Handler
                0x0000000008000af4       0x50 ./Core/Startup/startup_stm32l476rgtx.o
                0x0000000008000af4                Reset_Handler
 .text.Default_Handler
                0x0000000008000b44        0x2 ./Core/Startup/startup_stm32l476rgtx.o
                0x0000000008000b44                RTC_Alarm_IRQHandler
                0x0000000008000b44                EXTI2_IRQHandler
                0x0000000008000b44                TIM8_TRG_COM_IRQHandler
                0x0000000008000b44                TIM8_CC_IRQHandler
                0x0000000008000b44                TIM1_CC_IRQHandler
                0x0000000008000b44                TSC_IRQHandler
                0x0000000008000b44                TAMP_STAMP_IRQHandler
                0x0000000008000b44                EXTI3_IRQHandler
                0x0000000008000b44                LPTIM2_IRQHandler
                0x0000000008000b44                DFSDM1_FLT1_IRQHandler
                0x0000000008000b44                I2C3_ER_IRQHandler
                0x0000000008000b44                DFSDM1_FLT2_IRQHandler
                0x0000000008000b44                EXTI0_IRQHandler
                0x0000000008000b44                I2C2_EV_IRQHandler
                0x0000000008000b44                CAN1_RX0_IRQHandler
                0x0000000008000b44                FPU_IRQHandler
                0x0000000008000b44                TIM1_UP_TIM16_IRQHandler
                0x0000000008000b44                ADC1_2_IRQHandler
                0x0000000008000b44                SPI1_IRQHandler
                0x0000000008000b44                TIM6_DAC_IRQHandler
                0x0000000008000b44                TIM8_UP_IRQHandler
                0x0000000008000b44                DMA2_Channel2_IRQHandler
                0x0000000008000b44                DMA1_Channel4_IRQHandler
                0x0000000008000b44                SAI2_IRQHandler
                0x0000000008000b44                DFSDM1_FLT3_IRQHandler
                0x0000000008000b44                USART3_IRQHandler
                0x0000000008000b44                DMA1_Channel7_IRQHandler
                0x0000000008000b44                CAN1_RX1_IRQHandler
                0x0000000008000b44                LCD_IRQHandler
                0x0000000008000b44                UART5_IRQHandler
                0x0000000008000b44                ADC3_IRQHandler
                0x0000000008000b44                TIM4_IRQHandler
                0x0000000008000b44                DMA2_Channel1_IRQHandler
                0x0000000008000b44                QUADSPI_IRQHandler
                0x0000000008000b44                I2C1_EV_IRQHandler
                0x0000000008000b44                DMA1_Channel6_IRQHandler
                0x0000000008000b44                UART4_IRQHandler
                0x0000000008000b44                DMA2_Channel4_IRQHandler
                0x0000000008000b44                TIM3_IRQHandler
                0x0000000008000b44                RCC_IRQHandler
                0x0000000008000b44                DMA1_Channel1_IRQHandler
                0x0000000008000b44                Default_Handler
                0x0000000008000b44                DMA2_Channel7_IRQHandler
                0x0000000008000b44                EXTI15_10_IRQHandler
                0x0000000008000b44                TIM7_IRQHandler
                0x0000000008000b44                SDMMC1_IRQHandler
                0x0000000008000b44                TIM5_IRQHandler
                0x0000000008000b44                I2C3_EV_IRQHandler
                0x0000000008000b44                EXTI9_5_IRQHandler
                0x0000000008000b44                RTC_WKUP_IRQHandler
                0x0000000008000b44                PVD_PVM_IRQHandler
                0x0000000008000b44                SPI2_IRQHandler
                0x0000000008000b44                CAN1_TX_IRQHandler
                0x0000000008000b44                DMA2_Channel5_IRQHandler
                0x0000000008000b44                DMA1_Channel5_IRQHandler
                0x0000000008000b44                EXTI4_IRQHandler
                0x0000000008000b44                RNG_IRQHandler
                0x0000000008000b44                TIM1_TRG_COM_TIM17_IRQHandler
                0x0000000008000b44                DMA1_Channel3_IRQHandler
                0x0000000008000b44                COMP_IRQHandler
                0x0000000008000b44                WWDG_IRQHandler
                0x0000000008000b44                LPUART1_IRQHandler
                0x0000000008000b44                DMA2_Channel6_IRQHandler
                0x0000000008000b44                TIM2_IRQHandler
                0x0000000008000b44                EXTI1_IRQHandler
                0x0000000008000b44                USART2_IRQHandler
                0x0000000008000b44                DFSDM1_FLT0_IRQHandler
                0x0000000008000b44                I2C2_ER_IRQHandler
                0x0000000008000b44                DMA1_Channel2_IRQHandler
                0x0000000008000b44                TIM8_BRK_IRQHandler
                0x0000000008000b44                CAN1_SCE_IRQHandler
                0x0000000008000b44                FLASH_IRQHandler
                0x0000000008000b44                USART1_IRQHandler
                0x0000000008000b44                OTG_FS_IRQHandler
                0x0000000008000b44                SPI3_IRQHandler
                0x0000000008000b44                I2C1_ER_IRQHandler
                0x0000000008000b44                FMC_IRQHandler
                0x0000000008000b44                SWPMI1_IRQHandler
                0x0000000008000b44                LPTIM1_IRQHandler
                0x0000000008000b44                SAI1_IRQHandler
                0x0000000008000b44                DMA2_Channel3_IRQHandler
                0x0000000008000b44                TIM1_BRK_TIM15_IRQHandler
 *fill*         0x0000000008000b46        0x2 
 .text.HAL_Init
                0x0000000008000b48       0x40 ./Drivers/STM32L4xx_HAL_Driver/Src/stm32l4xx_hal.o
                0x0000000008000b48                HAL_Init
 .text.HAL_InitTick
                0x0000000008000b88       0x78 ./Drivers/STM32L4xx_HAL_Driver/Src/stm32l4xx_hal.o
                0x0000000008000b88                HAL_InitTick
 .text.HAL_IncTick
                0x0000000008000c00       0x28 ./Drivers/STM32L4xx_HAL_Driver/Src/stm32l4xx_hal.o
                0x0000000008000c00                HAL_IncTick
 .text.HAL_GetTick
                0x0000000008000c28       0x18 ./Drivers/STM32L4xx_HAL_Driver/Src/stm32l4xx_hal.o
                0x0000000008000c28                HAL_GetTick
 .text.__NVIC_SetPriorityGrouping
                0x0000000008000c40       0x48 ./Drivers/STM32L4xx_HAL_Driver/Src/stm32l4xx_hal_cortex.o
 .text.__NVIC_GetPriorityGrouping
                0x0000000008000c88       0x1c ./Drivers/STM32L4xx_HAL_Driver/Src/stm32l4xx_hal_cortex.o
 .text.__NVIC_SetPriority
                0x0000000008000ca4       0x54 ./Drivers/STM32L4xx_HAL_Driver/Src/stm32l4xx_hal_cortex.o
 .text.NVIC_EncodePriority
                0x0000000008000cf8       0x66 ./Drivers/STM32L4xx_HAL_Driver/Src/stm32l4xx_hal_cortex.o
 *fill*         0x0000000008000d5e        0x2 
 .text.SysTick_Config
                0x0000000008000d60       0x44 ./Drivers/STM32L4xx_HAL_Driver/Src/stm32l4xx_hal_cortex.o
 .text.HAL_NVIC_SetPriorityGrouping
                0x0000000008000da4       0x16 ./Drivers/STM32L4xx_HAL_Driver/Src/stm32l4xx_hal_cortex.o
                0x0000000008000da4                HAL_NVIC_SetPriorityGrouping
 .text.HAL_NVIC_SetPriority
                0x0000000008000dba       0x38 ./Drivers/STM32L4xx_HAL_Driver/Src/stm32l4xx_hal_cortex.o
                0x0000000008000dba                HAL_NVIC_SetPriority
 .text.HAL_SYSTICK_Config
                0x0000000008000df2       0x18 ./Drivers/STM32L4xx_HAL_Driver/Src/stm32l4xx_hal_cortex.o
                0x0000000008000df2                HAL_SYSTICK_Config
 .text.HAL_DMA_Start_IT
                0x0000000008000e0a       0xc0 ./Drivers/STM32L4xx_HAL_Driver/Src/stm32l4xx_hal_dma.o
                0x0000000008000e0a                HAL_DMA_Start_IT
 .text.DMA_SetConfig
                0x0000000008000eca       0x60 ./Drivers/STM32L4xx_HAL_Driver/Src/stm32l4xx_hal_dma.o
 *fill*         0x0000000008000f2a        0x2 
 .text.HAL_GPIO_Init
                0x0000000008000f2c      0x354 ./Drivers/STM32L4xx_HAL_Driver/Src/stm32l4xx_hal_gpio.o
                0x0000000008000f2c                HAL_GPIO_Init
 .text.HAL_GPIO_ReadPin
                0x0000000008001280       0x30 ./Drivers/STM32L4xx_HAL_Driver/Src/stm32l4xx_hal_gpio.o
                0x0000000008001280                HAL_GPIO_ReadPin
 .text.HAL_GPIO_WritePin
                0x00000000080012b0       0x30 ./Drivers/STM32L4xx_HAL_Driver/Src/stm32l4xx_hal_gpio.o
                0x00000000080012b0                HAL_GPIO_WritePin
 .text.HAL_PWREx_GetVoltageRange
                0x00000000080012e0       0x1c ./Drivers/STM32L4xx_HAL_Driver/Src/stm32l4xx_hal_pwr_ex.o
                0x00000000080012e0                HAL_PWREx_GetVoltageRange
 .text.HAL_PWREx_ControlVoltageScaling
                0x00000000080012fc       0xac ./Drivers/STM32L4xx_HAL_Driver/Src/stm32l4xx_hal_pwr_ex.o
                0x00000000080012fc                HAL_PWREx_ControlVoltageScaling
 .text.HAL_RCC_OscConfig
                0x00000000080013a8      0x7d0 ./Drivers/STM32L4xx_HAL_Driver/Src/stm32l4xx_hal_rcc.o
                0x00000000080013a8                HAL_RCC_OscConfig
 .text.HAL_RCC_ClockConfig
                0x0000000008001b78      0x1c4 ./Drivers/STM32L4xx_HAL_Driver/Src/stm32l4xx_hal_rcc.o
                0x0000000008001b78                HAL_RCC_ClockConfig
 .text.HAL_RCC_GetSysClockFreq
                0x0000000008001d3c      0x118 ./Drivers/STM32L4xx_HAL_Driver/Src/stm32l4xx_hal_rcc.o
                0x0000000008001d3c                HAL_RCC_GetSysClockFreq
 .text.HAL_RCC_GetHCLKFreq
                0x0000000008001e54       0x18 ./Drivers/STM32L4xx_HAL_Driver/Src/stm32l4xx_hal_rcc.o
                0x0000000008001e54                HAL_RCC_GetHCLKFreq
 .text.HAL_RCC_GetPCLK1Freq
                0x0000000008001e6c       0x2c ./Drivers/STM32L4xx_HAL_Driver/Src/stm32l4xx_hal_rcc.o
                0x0000000008001e6c                HAL_RCC_GetPCLK1Freq
 .text.HAL_RCC_GetPCLK2Freq
                0x0000000008001e98       0x2c ./Drivers/STM32L4xx_HAL_Driver/Src/stm32l4xx_hal_rcc.o
                0x0000000008001e98                HAL_RCC_GetPCLK2Freq
 .text.RCC_SetFlashLatencyFromMSIRange
                0x0000000008001ec4       0xc0 ./Drivers/STM32L4xx_HAL_Driver/Src/stm32l4xx_hal_rcc.o
 .text.HAL_RCCEx_PeriphCLKConfig
                0x0000000008001f84      0x5d4 ./Drivers/STM32L4xx_HAL_Driver/Src/stm32l4xx_hal_rcc_ex.o
                0x0000000008001f84                HAL_RCCEx_PeriphCLKConfig
 .text.RCCEx_PLLSAI1_Config
                0x0000000008002558      0x1e8 ./Drivers/STM32L4xx_HAL_Driver/Src/stm32l4xx_hal_rcc_ex.o
 .text.RCCEx_PLLSAI2_Config
                0x0000000008002740      0x1bc ./Drivers/STM32L4xx_HAL_Driver/Src/stm32l4xx_hal_rcc_ex.o
 .text.HAL_UART_Init
                0x00000000080028fc       0x9c ./Drivers/STM32L4xx_HAL_Driver/Src/stm32l4xx_hal_uart.o
                0x00000000080028fc                HAL_UART_Init
 .text.HAL_UART_Transmit
                0x0000000008002998      0x128 ./Drivers/STM32L4xx_HAL_Driver/Src/stm32l4xx_hal_uart.o
                0x0000000008002998                HAL_UART_Transmit
 .text.HAL_UART_Transmit_DMA
                0x0000000008002ac0       0xfc ./Drivers/STM32L4xx_HAL_Driver/Src/stm32l4xx_hal_uart.o
                0x0000000008002ac0                HAL_UART_Transmit_DMA
 .text.HAL_UART_TxCpltCallback
                0x0000000008002bbc       0x14 ./Drivers/STM32L4xx_HAL_Driver/Src/stm32l4xx_hal_uart.o
                0x0000000008002bbc                HAL_UART_TxCpltCallback
 .text.HAL_UART_TxHalfCpltCallback
                0x0000000008002bd0       0x14 ./Drivers/STM32L4xx_HAL_Driver/Src/stm32l4xx_hal_uart.o
                0x0000000008002bd0                HAL_UART_TxHalfCpltCallback
 .text.HAL_UART_ErrorCallback
                0x0000000008002be4       0x14 ./Drivers/STM32L4xx_HAL_Driver/Src/stm32l4xx_hal_uart.o
                0x0000000008002be4                HAL_UART_ErrorCallback
 .text.UART_SetConfig
                0x0000000008002bf8      0x574 ./Drivers/STM32L4xx_HAL_Driver/Src/stm32l4xx_hal_uart.o
                0x0000000008002bf8                UART_SetConfig
 .text.UART_AdvFeatureConfig
                0x000000000800316c      0x144 ./Drivers/STM32L4xx_HAL_Driver/Src/stm32l4xx_hal_uart.o
                0x000000000800316c                UART_AdvFeatureConfig
 .text.UART_CheckIdleState
                0x00000000080032b0       0x92 ./Drivers/STM32L4xx_HAL_Driver/Src/stm32l4xx_hal_uart.o
                0x00000000080032b0                UART_CheckIdleState
 .text.UART_WaitOnFlagUntilTimeout
                0x0000000008003342       0xf8 ./Drivers/STM32L4xx_HAL_Driver/Src/stm32l4xx_hal_uart.o
                0x0000000008003342                UART_WaitOnFlagUntilTimeout
 .text.UART_EndTxTransfer
                0x000000000800343a       0x2a ./Drivers/STM32L4xx_HAL_Driver/Src/stm32l4xx_hal_uart.o
 .text.UART_EndRxTransfer
                0x0000000008003464       0x5e ./Drivers/STM32L4xx_HAL_Driver/Src/stm32l4xx_hal_uart.o
 .text.UART_DMATransmitCplt
                0x00000000080034c2       0x54 ./Drivers/STM32L4xx_HAL_Driver/Src/stm32l4xx_hal_uart.o
 .text.UART_DMATxHalfCplt
                0x0000000008003516       0x1c ./Drivers/STM32L4xx_HAL_Driver/Src/stm32l4xx_hal_uart.o
 .text.UART_DMAError
                0x0000000008003532       0x7c ./Drivers/STM32L4xx_HAL_Driver/Src/stm32l4xx_hal_uart.o
 .text._ZNK8IXFEvent12getEventTypeEv
                0x00000000080035ae       0x1a ./app/buttonmanager.o
                0x00000000080035ae                IXFEvent::getEventType() const
 .text._ZNK8IXFEvent5getIdEv
                0x00000000080035c8       0x18 ./app/buttonmanager.o
                0x00000000080035c8                IXFEvent::getId() const
 .text._ZN11EventStatusC2ENS_12eEventStatusE
                0x00000000080035e0       0x20 ./app/buttonmanager.o
                0x00000000080035e0                EventStatus::EventStatus(EventStatus::eEventStatus)
                0x00000000080035e0                EventStatus::EventStatus(EventStatus::eEventStatus)
 .text._ZN13ButtonManager10initializeEv
                0x0000000008003600       0x1a ./app/buttonmanager.o
                0x0000000008003600                ButtonManager::initialize()
 .text._ZN13ButtonManager19initializeRelationsEP8ToButtonP3Led
                0x000000000800361a       0x24 ./app/buttonmanager.o
                0x000000000800361a                ButtonManager::initializeRelations(ToButton*, Led*)
 *fill*         0x000000000800363e        0x2 
 .text._ZN15ToButtonManagerC2Ev
                0x0000000008003640       0x20 ./app/buttonmanager.o
                0x0000000008003640                ToButtonManager::ToButtonManager()
                0x0000000008003640                ToButtonManager::ToButtonManager()
 .text._ZN15ToButtonManagerD2Ev
                0x0000000008003660       0x20 ./app/buttonmanager.o
                0x0000000008003660                ToButtonManager::~ToButtonManager()
                0x0000000008003660                ToButtonManager::~ToButtonManager()
 .text._ZN15ToButtonManagerD0Ev
                0x0000000008003680       0x20 ./app/buttonmanager.o
                0x0000000008003680                ToButtonManager::~ToButtonManager()
 .text._ZN13ButtonManagerC2Ev
                0x00000000080036a0       0x48 ./app/buttonmanager.o
                0x00000000080036a0                ButtonManager::ButtonManager()
                0x00000000080036a0                ButtonManager::ButtonManager()
 .text._ZN13ButtonManagerD2Ev
                0x00000000080036e8       0x38 ./app/buttonmanager.o
                0x00000000080036e8                ButtonManager::~ButtonManager()
                0x00000000080036e8                ButtonManager::~ButtonManager()
 .text._ZThn12_N13ButtonManagerD1Ev
                0x0000000008003720        0x8 ./app/buttonmanager.o
                0x0000000008003720                non-virtual thunk to ButtonManager::~ButtonManager()
 .text._ZN13ButtonManagerD0Ev
                0x0000000008003728       0x20 ./app/buttonmanager.o
                0x0000000008003728                ButtonManager::~ButtonManager()
 .text._ZThn12_N13ButtonManagerD0Ev
                0x0000000008003748        0x8 ./app/buttonmanager.o
                0x0000000008003748                non-virtual thunk to ButtonManager::~ButtonManager()
 .text._ZN13ButtonManager7pressedEv
                0x0000000008003750       0x44 ./app/buttonmanager.o
                0x0000000008003750                ButtonManager::pressed()
 .text._ZThn12_N13ButtonManager7pressedEv
                0x0000000008003794        0x8 ./app/buttonmanager.o
                0x0000000008003794                non-virtual thunk to ButtonManager::pressed()
 .text._ZN13ButtonManager8releasedEv
                0x000000000800379c       0x44 ./app/buttonmanager.o
                0x000000000800379c                ButtonManager::released()
 .text._ZThn12_N13ButtonManager8releasedEv
                0x00000000080037e0        0x8 ./app/buttonmanager.o
                0x00000000080037e0                non-virtual thunk to ButtonManager::released()
 .text._ZN13ButtonManager12processEventEv
                0x00000000080037e8      0x26c ./app/buttonmanager.o
                0x00000000080037e8                ButtonManager::processEvent()
 .text._ZN13ButtonManager5startEv
                0x0000000008003a54       0x1e ./app/buttonmanager.o
                0x0000000008003a54                ButtonManager::start()
 .text._ZN7Factory16buildApplicationEv
                0x0000000008003a72       0x8a ./app/factory.o
                0x0000000008003a72                Factory::buildApplication()
 .text._ZN7Factory8instanceEv
                0x0000000008003afc       0x4c ./app/factory.o
                0x0000000008003afc                Factory::instance()
 .text.__tcf_0  0x0000000008003b48       0x10 ./app/factory.o
 .text._ZN7Factory13buttonManagerEv
                0x0000000008003b58       0x5c ./app/factory.o
                0x0000000008003b58                Factory::buttonManager()
 .text.__tcf_1  0x0000000008003bb4       0x10 ./app/factory.o
 .text._ZN7Factory6buttonEv
                0x0000000008003bc4       0x5c ./app/factory.o
                0x0000000008003bc4                Factory::button()
 .text._ZN7Factory3ledEv
                0x0000000008003c20       0x14 ./app/factory.o
                0x0000000008003c20                Factory::led()
 .text.Factory_buildApplication
                0x0000000008003c34       0x14 ./app/factory.o
                0x0000000008003c34                Factory_buildApplication
 .text._ZN5board10initializeEv
                0x0000000008003c48        0xc ./common/platform/nucleo-stm32l476rg/board/board.o
                0x0000000008003c48                board::initialize()
 .text._ZN8ToButtonC2Ev
                0x0000000008003c54       0x20 ./common/platform/nucleo-stm32l476rg/board/button.o
                0x0000000008003c54                ToButton::ToButton()
                0x0000000008003c54                ToButton::ToButton()
 .text._ZN8ToButtonD2Ev
                0x0000000008003c74       0x20 ./common/platform/nucleo-stm32l476rg/board/button.o
                0x0000000008003c74                ToButton::~ToButton()
                0x0000000008003c74                ToButton::~ToButton()
 .text._ZN8ToButtonD0Ev
                0x0000000008003c94       0x20 ./common/platform/nucleo-stm32l476rg/board/button.o
                0x0000000008003c94                ToButton::~ToButton()
 .text._ZN6ButtonC2Ev
                0x0000000008003cb4       0x4c ./common/platform/nucleo-stm32l476rg/board/button.o
                0x0000000008003cb4                Button::Button()
                0x0000000008003cb4                Button::Button()
 .text._ZN6ButtonD2Ev
                0x0000000008003d00       0x38 ./common/platform/nucleo-stm32l476rg/board/button.o
                0x0000000008003d00                Button::~Button()
                0x0000000008003d00                Button::~Button()
 .text._ZThn4_N6ButtonD1Ev
                0x0000000008003d38        0x8 ./common/platform/nucleo-stm32l476rg/board/button.o
                0x0000000008003d38                non-virtual thunk to Button::~Button()
 .text._ZN6ButtonD0Ev
                0x0000000008003d40       0x20 ./common/platform/nucleo-stm32l476rg/board/button.o
                0x0000000008003d40                Button::~Button()
 .text._ZThn4_N6ButtonD0Ev
                0x0000000008003d60        0x8 ./common/platform/nucleo-stm32l476rg/board/button.o
                0x0000000008003d60                non-virtual thunk to Button::~Button()
 .text._ZN6Button10initializeEv
                0x0000000008003d68       0x2e ./common/platform/nucleo-stm32l476rg/board/button.o
                0x0000000008003d68                Button::initialize()
 .text._ZN6Button18initializeHardwareEv
                0x0000000008003d96       0x14 ./common/platform/nucleo-stm32l476rg/board/button.o
                0x0000000008003d96                Button::initializeHardware()
 .text._ZN6Button19initializeRelationsEP15ToButtonManager
                0x0000000008003daa       0x1a ./common/platform/nucleo-stm32l476rg/board/button.o
                0x0000000008003daa                Button::initializeRelations(ToButtonManager*)
 .text._ZN6Button16setButtonManagerEP15ToButtonManager
                0x0000000008003dc4       0x1c ./common/platform/nucleo-stm32l476rg/board/button.o
                0x0000000008003dc4                Button::setButtonManager(ToButtonManager*)
 .text._ZN6Button5startEv
                0x0000000008003de0       0x20 ./common/platform/nucleo-stm32l476rg/board/button.o
                0x0000000008003de0                Button::start()
 .text._ZN6Button16checkButtonStateEv
                0x0000000008003e00       0x26 ./common/platform/nucleo-stm32l476rg/board/button.o
                0x0000000008003e00                Button::checkButtonState()
 *fill*         0x0000000008003e26        0x2 
 .text._ZN6Button8readGpioEv
                0x0000000008003e28       0x44 ./common/platform/nucleo-stm32l476rg/board/button.o
                0x0000000008003e28                Button::readGpio()
 .text._ZN6Button12processEventEv
                0x0000000008003e6c      0x220 ./common/platform/nucleo-stm32l476rg/board/button.o
                0x0000000008003e6c                Button::processEvent()
 .text._ZThn4_N6Button12processEventEv
                0x000000000800408c        0x8 ./common/platform/nucleo-stm32l476rg/board/button.o
                0x000000000800408c                non-virtual thunk to Button::processEvent()
 .text._ZN3Led10initializeEv
                0x0000000008004094       0x14 ./common/platform/nucleo-stm32l476rg/board/led.o
                0x0000000008004094                Led::initialize()
 .text._ZN3Led6turnOnEv
                0x00000000080040a8       0x1c ./common/platform/nucleo-stm32l476rg/board/led.o
                0x00000000080040a8                Led::turnOn()
 .text._ZN3Led7turnOffEv
                0x00000000080040c4       0x1c ./common/platform/nucleo-stm32l476rg/board/led.o
                0x00000000080040c4                Led::turnOff()
 .text._ZN4Uart4uartEh
                0x00000000080040e0       0x3c ./common/platform/nucleo-stm32l476rg/board/trace.o
                0x00000000080040e0                Uart::uart(unsigned char)
 .text.__tcf_0  0x000000000800411c       0x10 ./common/platform/nucleo-stm32l476rg/board/trace.o
 .text._ZN5Trace10initializeEv
                0x000000000800412c       0x68 ./common/platform/nucleo-stm32l476rg/board/trace.o
                0x000000000800412c                Trace::initialize()
 .text._ZN5Trace6_printEPcb
                0x0000000008004194       0x90 ./common/platform/nucleo-stm32l476rg/board/trace.o
                0x0000000008004194                Trace::_print(char*, bool)
 .text._ZN5Trace5outlnEPKcz
                0x0000000008004224       0x34 ./common/platform/nucleo-stm32l476rg/board/trace.o
                0x0000000008004224                Trace::outln(char const*, ...)
 .text.enterCritical
                0x0000000008004258       0x3c ./common/platform/nucleo-stm32l476rg/mcu/critical/critical.o
                0x0000000008004258                enterCritical
 .text.exitCritical
                0x0000000008004294       0x3c ./common/platform/nucleo-stm32l476rg/mcu/critical/critical.o
                0x0000000008004294                exitCritical
 .text._ZN4UartC2EhP20__UART_HandleTypeDefb
                0x00000000080042d0       0x98 ./common/platform/nucleo-stm32l476rg/mcu/hal/uart.o
                0x00000000080042d0                Uart::Uart(unsigned char, __UART_HandleTypeDef*, bool)
                0x00000000080042d0                Uart::Uart(unsigned char, __UART_HandleTypeDef*, bool)
 .text._ZN4UartD2Ev
                0x0000000008004368       0x20 ./common/platform/nucleo-stm32l476rg/mcu/hal/uart.o
                0x0000000008004368                Uart::~Uart()
                0x0000000008004368                Uart::~Uart()
 .text._ZN4UartD0Ev
                0x0000000008004388       0x20 ./common/platform/nucleo-stm32l476rg/mcu/hal/uart.o
                0x0000000008004388                Uart::~Uart()
 .text._ZN4Uart10initializeEv
                0x00000000080043a8       0x16 ./common/platform/nucleo-stm32l476rg/mcu/hal/uart.o
                0x00000000080043a8                Uart::initialize()
 .text._ZN4Uart5writeEPKcj
                0x00000000080043be       0x4c ./common/platform/nucleo-stm32l476rg/mcu/hal/uart.o
                0x00000000080043be                Uart::write(char const*, unsigned int)
 *fill*         0x000000000800440a        0x2 
 .text._ZN4Uart13writeUsingDMAEPKhm
                0x000000000800440c       0x6c ./common/platform/nucleo-stm32l476rg/mcu/hal/uart.o
                0x000000000800440c                Uart::writeUsingDMA(unsigned char const*, unsigned long)
 .text._ZN8IXFEventC2ENS_10eEventTypeEiP11IXFReactive
                0x0000000008004478       0x4c ./common/xf/initialevent.o
                0x0000000008004478                IXFEvent::IXFEvent(IXFEvent::eEventType, int, IXFReactive*)
                0x0000000008004478                IXFEvent::IXFEvent(IXFEvent::eEventType, int, IXFReactive*)
 .text._ZN8IXFEventD2Ev
                0x00000000080044c4       0x20 ./common/xf/initialevent.o
                0x00000000080044c4                IXFEvent::~IXFEvent()
                0x00000000080044c4                IXFEvent::~IXFEvent()
 .text._ZN8IXFEventD0Ev
                0x00000000080044e4       0x20 ./common/xf/initialevent.o
                0x00000000080044e4                IXFEvent::~IXFEvent()
 .text._ZN8IXFEvent13_tEventStatusC2Ev
                0x0000000008004504       0x20 ./common/xf/initialevent.o
                0x0000000008004504                IXFEvent::_tEventStatus::_tEventStatus()
                0x0000000008004504                IXFEvent::_tEventStatus::_tEventStatus()
 .text._ZN12InitialEventC2Ev
                0x0000000008004524       0x28 ./common/xf/initialevent.o
                0x0000000008004524                InitialEvent::InitialEvent()
                0x0000000008004524                InitialEvent::InitialEvent()
 .text._ZN12InitialEventD2Ev
                0x000000000800454c       0x24 ./common/xf/initialevent.o
                0x000000000800454c                InitialEvent::~InitialEvent()
                0x000000000800454c                InitialEvent::~InitialEvent()
 .text._ZN12InitialEventD0Ev
                0x0000000008004570       0x20 ./common/xf/initialevent.o
                0x0000000008004570                InitialEvent::~InitialEvent()
 .text._ZNK16XFTimeoutManager12tickIntervalEv
                0x0000000008004590       0x18 ./common/xf/xf.o
                0x0000000008004590                XFTimeoutManager::tickInterval() const
 .text._ZN2XF4initEi
                0x00000000080045a8       0x2a ./common/xf/xf.o
                0x00000000080045a8                XF::init(int)
 *fill*         0x00000000080045d2        0x2 
 .text._ZN2XF5startEv
                0x00000000080045d4       0x1c ./common/xf/xf.o
                0x00000000080045d4                XF::start()
 .text._ZN2XF13getMainThreadEv
                0x00000000080045f0       0x14 ./common/xf/xf.o
                0x00000000080045f0                XF::getMainThread()
 .text._ZN2XF9isRunningEv
                0x0000000008004604       0x18 ./common/xf/xf.o
                0x0000000008004604                XF::isRunning()
 .text.XF_init  0x000000000800461c       0x16 ./common/xf/xf.o
                0x000000000800461c                XF_init
 .text.XF_start
                0x0000000008004632        0xc ./common/xf/xf.o
                0x0000000008004632                XF_start
 .text.XF_isRunning
                0x000000000800463e        0xe ./common/xf/xf.o
                0x000000000800463e                XF_isRunning
 .text.XF_tick  0x000000000800464c       0x30 ./common/xf/xf.o
                0x000000000800464c                XF_tick
 .text.XF_tickIntervalInMilliseconds
                0x000000000800467c       0x16 ./common/xf/xf.o
                0x000000000800467c                XF_tickIntervalInMilliseconds
 *fill*         0x0000000008004692        0x2 
 .text._Z41__static_initialization_and_destruction_0ii
                0x0000000008004694       0x44 ./common/xf/xf.o
 .text._GLOBAL__sub_I__ZN2XF13_bInitializedE
                0x00000000080046d8       0x10 ./common/xf/xf.o
 .text._GLOBAL__sub_D__ZN2XF13_bInitializedE
                0x00000000080046e8       0x10 ./common/xf/xf.o
 .text._ZN7XFEventC2EiP11IXFReactive
                0x00000000080046f8       0x2c ./common/xf/xfevent.o
                0x00000000080046f8                XFEvent::XFEvent(int, IXFReactive*)
                0x00000000080046f8                XFEvent::XFEvent(int, IXFReactive*)
 .text._ZN7XFEventD2Ev
                0x0000000008004724       0x24 ./common/xf/xfevent.o
                0x0000000008004724                XFEvent::~XFEvent()
                0x0000000008004724                XFEvent::~XFEvent()
 .text._ZN7XFEventD0Ev
                0x0000000008004748       0x20 ./common/xf/xfevent.o
                0x0000000008004748                XFEvent::~XFEvent()
 .text._ZN16XFNullTransitionC2EiP11IXFReactive
                0x0000000008004768       0x2c ./common/xf/xfnulltransition.o
                0x0000000008004768                XFNullTransition::XFNullTransition(int, IXFReactive*)
                0x0000000008004768                XFNullTransition::XFNullTransition(int, IXFReactive*)
 .text._ZN16XFNullTransitionD2Ev
                0x0000000008004794       0x24 ./common/xf/xfnulltransition.o
                0x0000000008004794                XFNullTransition::~XFNullTransition()
                0x0000000008004794                XFNullTransition::~XFNullTransition()
 .text._ZN16XFNullTransitionD0Ev
                0x00000000080047b8       0x20 ./common/xf/xfnulltransition.o
                0x00000000080047b8                XFNullTransition::~XFNullTransition()
 .text._ZN8IXFEvent11setBehaviorEP11IXFReactive
                0x00000000080047d8       0x1c ./common/xf/xfreactive.o
                0x00000000080047d8                IXFEvent::setBehavior(IXFReactive*)
 .text._ZN11IXFReactiveC2EP9IXFThread
                0x00000000080047f4       0x24 ./common/xf/xfreactive.o
                0x00000000080047f4                IXFReactive::IXFReactive(IXFThread*)
                0x00000000080047f4                IXFReactive::IXFReactive(IXFThread*)
 .text._ZN11IXFReactiveD2Ev
                0x0000000008004818       0x20 ./common/xf/xfreactive.o
                0x0000000008004818                IXFReactive::~IXFReactive()
                0x0000000008004818                IXFReactive::~IXFReactive()
 .text._ZN11IXFReactiveD0Ev
                0x0000000008004838       0x20 ./common/xf/xfreactive.o
                0x0000000008004838                IXFReactive::~IXFReactive()
 .text._ZN10XFReactiveC2EP8XFThread
                0x0000000008004858       0x44 ./common/xf/xfreactive.o
                0x0000000008004858                XFReactive::XFReactive(XFThread*)
                0x0000000008004858                XFReactive::XFReactive(XFThread*)
 .text._ZN10XFReactiveD2Ev
                0x000000000800489c       0x24 ./common/xf/xfreactive.o
                0x000000000800489c                XFReactive::~XFReactive()
                0x000000000800489c                XFReactive::~XFReactive()
 .text._ZN10XFReactiveD0Ev
                0x00000000080048c0       0x20 ./common/xf/xfreactive.o
                0x00000000080048c0                XFReactive::~XFReactive()
 .text._ZN10XFReactive13startBehaviorEv
                0x00000000080048e0       0x2e ./common/xf/xfreactive.o
                0x00000000080048e0                XFReactive::startBehavior()
 *fill*         0x000000000800490e        0x2 
 .text._ZN10XFReactive9pushEventEP8IXFEvent
                0x0000000008004910       0x50 ./common/xf/xfreactive.o
                0x0000000008004910                XFReactive::pushEvent(IXFEvent*)
 .text._ZN10XFReactive7processEP8IXFEvent
                0x0000000008004960       0x60 ./common/xf/xfreactive.o
                0x0000000008004960                XFReactive::process(IXFEvent*)
 .text._ZN10XFReactive12processEventEv
                0x00000000080049c0       0x1e ./common/xf/xfreactive.o
                0x00000000080049c0                XFReactive::processEvent()
 .text._ZN10XFReactive9getThreadEv
                0x00000000080049de       0x18 ./common/xf/xfreactive.o
                0x00000000080049de                XFReactive::getThread()
 .text._ZN10XFReactive15setCurrentEventEP8IXFEvent
                0x00000000080049f6       0x1c ./common/xf/xfreactive.o
                0x00000000080049f6                XFReactive::setCurrentEvent(IXFEvent*)
 *fill*         0x0000000008004a12        0x2 
 .text._ZNK10XFReactive15getCurrentEventEv
                0x0000000008004a14       0x34 ./common/xf/xfreactive.o
                0x0000000008004a14                XFReactive::getCurrentEvent() const
 .text._ZN10XFReactive17getCurrentTimeoutEv
                0x0000000008004a48       0x44 ./common/xf/xfreactive.o
                0x0000000008004a48                XFReactive::getCurrentTimeout()
 .text._ZNK8IXFEvent11getBehaviorEv
                0x0000000008004a8c       0x18 ./common/xf/xfthread.o
                0x0000000008004a8c                IXFEvent::getBehavior() const
 .text._ZNK8IXFEvent12shouldDeleteEv
                0x0000000008004aa4       0x28 ./common/xf/xfthread.o
                0x0000000008004aa4                IXFEvent::shouldDelete() const
 .text._ZnwjPv  0x0000000008004acc       0x18 ./common/xf/xfthread.o
                0x0000000008004acc                operator new(unsigned int, void*)
 .text._ZSt16__deque_buf_sizej
                0x0000000008004ae4       0x2a ./common/xf/xfthread.o
                0x0000000008004ae4                std::__deque_buf_size(unsigned int)
 .text._ZNSt5queueIP8IXFEventSt5dequeIS1_SaIS1_EEED2Ev
                0x0000000008004b0e       0x1a ./common/xf/xfthread.o
                0x0000000008004b0e                std::queue<IXFEvent*, std::deque<IXFEvent*, std::allocator<IXFEvent*> > >::~queue()
                0x0000000008004b0e                std::queue<IXFEvent*, std::deque<IXFEvent*, std::allocator<IXFEvent*> > >::~queue()
 .text._ZN12XFEventQueueC2Ev
                0x0000000008004b28       0x28 ./common/xf/xfthread.o
                0x0000000008004b28                XFEventQueue::XFEventQueue()
                0x0000000008004b28                XFEventQueue::XFEventQueue()
 .text._ZN12XFEventQueueD2Ev
                0x0000000008004b50       0x28 ./common/xf/xfthread.o
                0x0000000008004b50                XFEventQueue::~XFEventQueue()
                0x0000000008004b50                XFEventQueue::~XFEventQueue()
 .text._ZN12XFEventQueueD0Ev
                0x0000000008004b78       0x20 ./common/xf/xfthread.o
                0x0000000008004b78                XFEventQueue::~XFEventQueue()
 .text._ZN12XFEventQueue5emptyEv
                0x0000000008004b98       0x1c ./common/xf/xfthread.o
                0x0000000008004b98                XFEventQueue::empty()
 .text._ZNK11EventStatuseqERKNS_12eEventStatusE
                0x0000000008004bb4       0x28 ./common/xf/xfthread.o
                0x0000000008004bb4                EventStatus::operator==(EventStatus::eEventStatus const&) const
 .text._ZN8XFThreadC2Ev
                0x0000000008004bdc       0x2c ./common/xf/xfthread.o
                0x0000000008004bdc                XFThread::XFThread()
                0x0000000008004bdc                XFThread::XFThread()
 .text._ZN8XFThreadD2Ev
                0x0000000008004c08       0x28 ./common/xf/xfthread.o
                0x0000000008004c08                XFThread::~XFThread()
                0x0000000008004c08                XFThread::~XFThread()
 .text._ZN8XFThreadD0Ev
                0x0000000008004c30       0x20 ./common/xf/xfthread.o
                0x0000000008004c30                XFThread::~XFThread()
 .text._ZN8XFThread5startEv
                0x0000000008004c50       0x16 ./common/xf/xfthread.o
                0x0000000008004c50                XFThread::start()
 .text._ZNK8XFThread17getTimeoutManagerEv
                0x0000000008004c66       0x16 ./common/xf/xfthread.o
                0x0000000008004c66                XFThread::getTimeoutManager() const
 .text._ZNK8XFThread13dispatchEventEP8IXFEvent
                0x0000000008004c7c       0x66 ./common/xf/xfthread.o
                0x0000000008004c7c                XFThread::dispatchEvent(IXFEvent*) const
 .text._ZN8XFThread9pushEventEP8IXFEvent
                0x0000000008004ce2       0x20 ./common/xf/xfthread.o
                0x0000000008004ce2                XFThread::pushEvent(IXFEvent*)
 .text._ZN8XFThread15scheduleTimeoutEiiP11IXFReactive
                0x0000000008004d02       0x26 ./common/xf/xfthread.o
                0x0000000008004d02                XFThread::scheduleTimeout(int, int, IXFReactive*)
 .text._ZN8XFThread17unscheduleTimeoutEiP11IXFReactive
                0x0000000008004d28       0x26 ./common/xf/xfthread.o
                0x0000000008004d28                XFThread::unscheduleTimeout(int, IXFReactive*)
 .text._ZN8XFThread7executeEv
                0x0000000008004d4e       0x8e ./common/xf/xfthread.o
                0x0000000008004d4e                XFThread::execute()
 .text._ZNSt5dequeIP8IXFEventSaIS1_EEC2Ev
                0x0000000008004ddc       0x1a ./common/xf/xfthread.o
                0x0000000008004ddc                std::deque<IXFEvent*, std::allocator<IXFEvent*> >::deque()
                0x0000000008004ddc                std::deque<IXFEvent*, std::allocator<IXFEvent*> >::deque()
 .text._ZNSt5queueIP8IXFEventSt5dequeIS1_SaIS1_EEEC2IS4_vEEv
                0x0000000008004df6       0x28 ./common/xf/xfthread.o
                0x0000000008004df6                std::queue<IXFEvent*, std::deque<IXFEvent*, std::allocator<IXFEvent*> > >::queue<std::deque<IXFEvent*, std::allocator<IXFEvent*> >, void>()
                0x0000000008004df6                std::queue<IXFEvent*, std::deque<IXFEvent*, std::allocator<IXFEvent*> > >::queue<std::deque<IXFEvent*, std::allocator<IXFEvent*> >, void>()
 .text._ZNSt5dequeIP8IXFEventSaIS1_EED2Ev
                0x0000000008004e1e       0x4a ./common/xf/xfthread.o
                0x0000000008004e1e                std::deque<IXFEvent*, std::allocator<IXFEvent*> >::~deque()
                0x0000000008004e1e                std::deque<IXFEvent*, std::allocator<IXFEvent*> >::~deque()
 .text._ZNKSt5queueIP8IXFEventSt5dequeIS1_SaIS1_EEE5emptyEv
                0x0000000008004e68       0x1a ./common/xf/xfthread.o
                0x0000000008004e68                std::queue<IXFEvent*, std::deque<IXFEvent*, std::allocator<IXFEvent*> > >::empty() const
 .text._ZNSt5queueIP8IXFEventSt5dequeIS1_SaIS1_EEE4pushERKS1_
                0x0000000008004e82       0x1c ./common/xf/xfthread.o
                0x0000000008004e82                std::queue<IXFEvent*, std::deque<IXFEvent*, std::allocator<IXFEvent*> > >::push(IXFEvent* const&)
 .text._ZNSt5queueIP8IXFEventSt5dequeIS1_SaIS1_EEE5frontEv
                0x0000000008004e9e       0x1a ./common/xf/xfthread.o
                0x0000000008004e9e                std::queue<IXFEvent*, std::deque<IXFEvent*, std::allocator<IXFEvent*> > >::front()
 .text._ZNSt5queueIP8IXFEventSt5dequeIS1_SaIS1_EEE3popEv
                0x0000000008004eb8       0x18 ./common/xf/xfthread.o
                0x0000000008004eb8                std::queue<IXFEvent*, std::deque<IXFEvent*, std::allocator<IXFEvent*> > >::pop()
 .text._ZNSt11_Deque_baseIP8IXFEventSaIS1_EE11_Deque_implD2Ev
                0x0000000008004ed0       0x18 ./common/xf/xfthread.o
                0x0000000008004ed0                std::_Deque_base<IXFEvent*, std::allocator<IXFEvent*> >::_Deque_impl::~_Deque_impl()
                0x0000000008004ed0                std::_Deque_base<IXFEvent*, std::allocator<IXFEvent*> >::_Deque_impl::~_Deque_impl()
 .text._ZNSt11_Deque_baseIP8IXFEventSaIS1_EEC2Ev
                0x0000000008004ee8       0x22 ./common/xf/xfthread.o
                0x0000000008004ee8                std::_Deque_base<IXFEvent*, std::allocator<IXFEvent*> >::_Deque_base()
                0x0000000008004ee8                std::_Deque_base<IXFEvent*, std::allocator<IXFEvent*> >::_Deque_base()
 .text._ZNSt11_Deque_baseIP8IXFEventSaIS1_EED2Ev
                0x0000000008004f0a       0x44 ./common/xf/xfthread.o
                0x0000000008004f0a                std::_Deque_base<IXFEvent*, std::allocator<IXFEvent*> >::~_Deque_base()
                0x0000000008004f0a                std::_Deque_base<IXFEvent*, std::allocator<IXFEvent*> >::~_Deque_base()
 .text._ZNSt5dequeIP8IXFEventSaIS1_EE5beginEv
                0x0000000008004f4e       0x1e ./common/xf/xfthread.o
                0x0000000008004f4e                std::deque<IXFEvent*, std::allocator<IXFEvent*> >::begin()
 .text._ZNSt5dequeIP8IXFEventSaIS1_EE3endEv
                0x0000000008004f6c       0x1e ./common/xf/xfthread.o
                0x0000000008004f6c                std::deque<IXFEvent*, std::allocator<IXFEvent*> >::end()
 .text._ZNSt11_Deque_baseIP8IXFEventSaIS1_EE19_M_get_Tp_allocatorEv
                0x0000000008004f8a       0x16 ./common/xf/xfthread.o
                0x0000000008004f8a                std::_Deque_base<IXFEvent*, std::allocator<IXFEvent*> >::_M_get_Tp_allocator()
 .text._ZNSt15_Deque_iteratorIP8IXFEventRS1_PS1_EC2ERKS4_
                0x0000000008004fa0       0x38 ./common/xf/xfthread.o
                0x0000000008004fa0                std::_Deque_iterator<IXFEvent*, IXFEvent*&, IXFEvent**>::_Deque_iterator(std::_Deque_iterator<IXFEvent*, IXFEvent*&, IXFEvent**> const&)
                0x0000000008004fa0                std::_Deque_iterator<IXFEvent*, IXFEvent*&, IXFEvent**>::_Deque_iterator(std::_Deque_iterator<IXFEvent*, IXFEvent*&, IXFEvent**> const&)
 .text._ZNSt5dequeIP8IXFEventSaIS1_EE15_M_destroy_dataESt15_Deque_iteratorIS1_RS1_PS1_ES7_RKS2_
                0x0000000008004fd8       0x1a ./common/xf/xfthread.o
                0x0000000008004fd8                std::deque<IXFEvent*, std::allocator<IXFEvent*> >::_M_destroy_data(std::_Deque_iterator<IXFEvent*, IXFEvent*&, IXFEvent**>, std::_Deque_iterator<IXFEvent*, IXFEvent*&, IXFEvent**>, std::allocator<IXFEvent*> const&)
 .text._ZNKSt5dequeIP8IXFEventSaIS1_EE5emptyEv
                0x0000000008004ff2       0x24 ./common/xf/xfthread.o
                0x0000000008004ff2                std::deque<IXFEvent*, std::allocator<IXFEvent*> >::empty() const
 .text._ZNSt5dequeIP8IXFEventSaIS1_EE9push_backERKS1_
                0x0000000008005016       0x42 ./common/xf/xfthread.o
                0x0000000008005016                std::deque<IXFEvent*, std::allocator<IXFEvent*> >::push_back(IXFEvent* const&)
 .text._ZNSt5dequeIP8IXFEventSaIS1_EE5frontEv
                0x0000000008005058       0x28 ./common/xf/xfthread.o
                0x0000000008005058                std::deque<IXFEvent*, std::allocator<IXFEvent*> >::front()
 .text._ZNSt5dequeIP8IXFEventSaIS1_EE9pop_frontEv
                0x0000000008005080       0x46 ./common/xf/xfthread.o
                0x0000000008005080                std::deque<IXFEvent*, std::allocator<IXFEvent*> >::pop_front()
 .text._ZNSt11_Deque_baseIP8IXFEventSaIS1_EE11_Deque_implC2Ev
                0x00000000080050c6       0x20 ./common/xf/xfthread.o
                0x00000000080050c6                std::_Deque_base<IXFEvent*, std::allocator<IXFEvent*> >::_Deque_impl::_Deque_impl()
                0x00000000080050c6                std::_Deque_base<IXFEvent*, std::allocator<IXFEvent*> >::_Deque_impl::_Deque_impl()
 .text._ZNSaIP8IXFEventED2Ev
                0x00000000080050e6       0x18 ./common/xf/xfthread.o
                0x00000000080050e6                std::allocator<IXFEvent*>::~allocator()
                0x00000000080050e6                std::allocator<IXFEvent*>::~allocator()
 .text._ZNSt11_Deque_baseIP8IXFEventSaIS1_EE17_M_initialize_mapEj
                0x00000000080050fe       0xc6 ./common/xf/xfthread.o
                0x00000000080050fe                std::_Deque_base<IXFEvent*, std::allocator<IXFEvent*> >::_M_initialize_map(unsigned int)
 .text._ZNSt11_Deque_baseIP8IXFEventSaIS1_EE16_M_destroy_nodesEPPS1_S5_
                0x00000000080051c4       0x34 ./common/xf/xfthread.o
                0x00000000080051c4                std::_Deque_base<IXFEvent*, std::allocator<IXFEvent*> >::_M_destroy_nodes(IXFEvent***, IXFEvent***)
 .text._ZNSt11_Deque_baseIP8IXFEventSaIS1_EE17_M_deallocate_mapEPPS1_j
                0x00000000080051f8       0x38 ./common/xf/xfthread.o
                0x00000000080051f8                std::_Deque_base<IXFEvent*, std::allocator<IXFEvent*> >::_M_deallocate_map(IXFEvent***, unsigned int)
 .text._ZSteqRKSt15_Deque_iteratorIP8IXFEventRS1_PS1_ES6_
                0x0000000008005230       0x28 ./common/xf/xfthread.o
                0x0000000008005230                std::operator==(std::_Deque_iterator<IXFEvent*, IXFEvent*&, IXFEvent**> const&, std::_Deque_iterator<IXFEvent*, IXFEvent*&, IXFEvent**> const&)
 .text._ZNSt16allocator_traitsISaIP8IXFEventEE9constructIS1_JRKS1_EEEvRS2_PT_DpOT0_
                0x0000000008005258       0x26 ./common/xf/xfthread.o
                0x0000000008005258                void std::allocator_traits<std::allocator<IXFEvent*> >::construct<IXFEvent*, IXFEvent* const&>(std::allocator<IXFEvent*>&, IXFEvent**, IXFEvent* const&)
 *fill*         0x000000000800527e        0x2 
 .text._ZNSt5dequeIP8IXFEventSaIS1_EE16_M_push_back_auxIJRKS1_EEEvDpOT_
                0x0000000008005280       0x88 ./common/xf/xfthread.o
                0x0000000008005280                void std::deque<IXFEvent*, std::allocator<IXFEvent*> >::_M_push_back_aux<IXFEvent* const&>(IXFEvent* const&)
 .text._ZNKSt15_Deque_iteratorIP8IXFEventRS1_PS1_EdeEv
                0x0000000008005308       0x18 ./common/xf/xfthread.o
                0x0000000008005308                std::_Deque_iterator<IXFEvent*, IXFEvent*&, IXFEvent**>::operator*() const
 .text._ZNSt16allocator_traitsISaIP8IXFEventEE7destroyIS1_EEvRS2_PT_
                0x0000000008005320       0x1a ./common/xf/xfthread.o
                0x0000000008005320                void std::allocator_traits<std::allocator<IXFEvent*> >::destroy<IXFEvent*>(std::allocator<IXFEvent*>&, IXFEvent**)
 .text._ZNSt5dequeIP8IXFEventSaIS1_EE16_M_pop_front_auxEv
                0x000000000800533a       0x50 ./common/xf/xfthread.o
                0x000000000800533a                std::deque<IXFEvent*, std::allocator<IXFEvent*> >::_M_pop_front_aux()
 .text._ZNSaIP8IXFEventEC2Ev
                0x000000000800538a       0x18 ./common/xf/xfthread.o
                0x000000000800538a                std::allocator<IXFEvent*>::allocator()
                0x000000000800538a                std::allocator<IXFEvent*>::allocator()
 .text._ZNSt11_Deque_baseIP8IXFEventSaIS1_EE16_Deque_impl_dataC2Ev
                0x00000000080053a2       0x32 ./common/xf/xfthread.o
                0x00000000080053a2                std::_Deque_base<IXFEvent*, std::allocator<IXFEvent*> >::_Deque_impl_data::_Deque_impl_data()
                0x00000000080053a2                std::_Deque_base<IXFEvent*, std::allocator<IXFEvent*> >::_Deque_impl_data::_Deque_impl_data()
 .text._ZN9__gnu_cxx13new_allocatorIP8IXFEventED2Ev
                0x00000000080053d4       0x16 ./common/xf/xfthread.o
                0x00000000080053d4                __gnu_cxx::new_allocator<IXFEvent*>::~new_allocator()
                0x00000000080053d4                __gnu_cxx::new_allocator<IXFEvent*>::~new_allocator()
 .text._ZSt3maxIjERKT_S2_S2_
                0x00000000080053ea       0x28 ./common/xf/xfthread.o
                0x00000000080053ea                unsigned int const& std::max<unsigned int>(unsigned int const&, unsigned int const&)
 .text._ZNSt11_Deque_baseIP8IXFEventSaIS1_EE15_M_allocate_mapEj
                0x0000000008005412       0x3a ./common/xf/xfthread.o
                0x0000000008005412                std::_Deque_base<IXFEvent*, std::allocator<IXFEvent*> >::_M_allocate_map(unsigned int)
 .text._ZNSt11_Deque_baseIP8IXFEventSaIS1_EE15_M_create_nodesEPPS1_S5_
                0x000000000800544c       0x34 ./common/xf/xfthread.o
                0x000000000800544c                std::_Deque_base<IXFEvent*, std::allocator<IXFEvent*> >::_M_create_nodes(IXFEvent***, IXFEvent***)
 .text._ZNSt15_Deque_iteratorIP8IXFEventRS1_PS1_E11_M_set_nodeEPS3_
                0x0000000008005480       0x32 ./common/xf/xfthread.o
                0x0000000008005480                std::_Deque_iterator<IXFEvent*, IXFEvent*&, IXFEvent**>::_M_set_node(IXFEvent***)
 .text._ZNSt11_Deque_baseIP8IXFEventSaIS1_EE18_M_deallocate_nodeEPS1_
                0x00000000080054b2       0x26 ./common/xf/xfthread.o
                0x00000000080054b2                std::_Deque_base<IXFEvent*, std::allocator<IXFEvent*> >::_M_deallocate_node(IXFEvent**)
 .text._ZNKSt11_Deque_baseIP8IXFEventSaIS1_EE20_M_get_map_allocatorEv
                0x00000000080054d8       0x22 ./common/xf/xfthread.o
                0x00000000080054d8                std::_Deque_base<IXFEvent*, std::allocator<IXFEvent*> >::_M_get_map_allocator() const
 .text._ZNSaIPP8IXFEventED2Ev
                0x00000000080054fa       0x18 ./common/xf/xfthread.o
                0x00000000080054fa                std::allocator<IXFEvent**>::~allocator()
                0x00000000080054fa                std::allocator<IXFEvent**>::~allocator()
 .text._ZNSt16allocator_traitsISaIPP8IXFEventEE10deallocateERS3_PS2_j
                0x0000000008005512       0x1e ./common/xf/xfthread.o
                0x0000000008005512                std::allocator_traits<std::allocator<IXFEvent**> >::deallocate(std::allocator<IXFEvent**>&, IXFEvent***, unsigned int)
 .text._ZSt7forwardIRKP8IXFEventEOT_RNSt16remove_referenceIS4_E4typeE
                0x0000000008005530       0x16 ./common/xf/xfthread.o
                0x0000000008005530                IXFEvent* const& std::forward<IXFEvent* const&>(std::remove_reference<IXFEvent* const&>::type&)
 .text._ZN9__gnu_cxx13new_allocatorIP8IXFEventE9constructIS2_JRKS2_EEEvPT_DpOT0_
                0x0000000008005546       0x2c ./common/xf/xfthread.o
                0x0000000008005546                void __gnu_cxx::new_allocator<IXFEvent*>::construct<IXFEvent*, IXFEvent* const&>(IXFEvent**, IXFEvent* const&)
 .text._ZNKSt5dequeIP8IXFEventSaIS1_EE4sizeEv
                0x0000000008005572       0x24 ./common/xf/xfthread.o
                0x0000000008005572                std::deque<IXFEvent*, std::allocator<IXFEvent*> >::size() const
 .text._ZNKSt5dequeIP8IXFEventSaIS1_EE8max_sizeEv
                0x0000000008005596       0x22 ./common/xf/xfthread.o
                0x0000000008005596                std::deque<IXFEvent*, std::allocator<IXFEvent*> >::max_size() const
 .text._ZNSt5dequeIP8IXFEventSaIS1_EE22_M_reserve_map_at_backEj
                0x00000000080055b8       0x36 ./common/xf/xfthread.o
                0x00000000080055b8                std::deque<IXFEvent*, std::allocator<IXFEvent*> >::_M_reserve_map_at_back(unsigned int)
 .text._ZNSt11_Deque_baseIP8IXFEventSaIS1_EE16_M_allocate_nodeEv
                0x00000000080055ee       0x24 ./common/xf/xfthread.o
                0x00000000080055ee                std::_Deque_base<IXFEvent*, std::allocator<IXFEvent*> >::_M_allocate_node()
 .text._ZN9__gnu_cxx13new_allocatorIP8IXFEventE7destroyIS2_EEvPT_
                0x0000000008005612       0x16 ./common/xf/xfthread.o
                0x0000000008005612                void __gnu_cxx::new_allocator<IXFEvent*>::destroy<IXFEvent*>(IXFEvent**)
 .text._ZN9__gnu_cxx13new_allocatorIP8IXFEventEC2Ev
                0x0000000008005628       0x16 ./common/xf/xfthread.o
                0x0000000008005628                __gnu_cxx::new_allocator<IXFEvent*>::new_allocator()
                0x0000000008005628                __gnu_cxx::new_allocator<IXFEvent*>::new_allocator()
 .text._ZNSt15_Deque_iteratorIP8IXFEventRS1_PS1_EC2Ev
                0x000000000800563e       0x2e ./common/xf/xfthread.o
                0x000000000800563e                std::_Deque_iterator<IXFEvent*, IXFEvent*&, IXFEvent**>::_Deque_iterator()
                0x000000000800563e                std::_Deque_iterator<IXFEvent*, IXFEvent*&, IXFEvent**>::_Deque_iterator()
 .text._ZNSt16allocator_traitsISaIPP8IXFEventEE8allocateERS3_j
                0x000000000800566c       0x1e ./common/xf/xfthread.o
                0x000000000800566c                std::allocator_traits<std::allocator<IXFEvent**> >::allocate(std::allocator<IXFEvent**>&, unsigned int)
 .text._ZNSt15_Deque_iteratorIP8IXFEventRS1_PS1_E14_S_buffer_sizeEv
                0x000000000800568a       0x10 ./common/xf/xfthread.o
                0x000000000800568a                std::_Deque_iterator<IXFEvent*, IXFEvent*&, IXFEvent**>::_S_buffer_size()
 .text._ZNSt16allocator_traitsISaIP8IXFEventEE10deallocateERS2_PS1_j
                0x000000000800569a       0x1e ./common/xf/xfthread.o
                0x000000000800569a                std::allocator_traits<std::allocator<IXFEvent*> >::deallocate(std::allocator<IXFEvent*>&, IXFEvent**, unsigned int)
 .text._ZNKSt11_Deque_baseIP8IXFEventSaIS1_EE19_M_get_Tp_allocatorEv
                0x00000000080056b8       0x16 ./common/xf/xfthread.o
                0x00000000080056b8                std::_Deque_base<IXFEvent*, std::allocator<IXFEvent*> >::_M_get_Tp_allocator() const
 .text._ZNSaIPP8IXFEventEC2IS0_EERKSaIT_E
                0x00000000080056ce       0x1a ./common/xf/xfthread.o
                0x00000000080056ce                std::allocator<IXFEvent**>::allocator<IXFEvent*>(std::allocator<IXFEvent*> const&)
                0x00000000080056ce                std::allocator<IXFEvent**>::allocator<IXFEvent*>(std::allocator<IXFEvent*> const&)
 .text._ZN9__gnu_cxx13new_allocatorIPP8IXFEventED2Ev
                0x00000000080056e8       0x16 ./common/xf/xfthread.o
                0x00000000080056e8                __gnu_cxx::new_allocator<IXFEvent**>::~new_allocator()
                0x00000000080056e8                __gnu_cxx::new_allocator<IXFEvent**>::~new_allocator()
 .text._ZN9__gnu_cxx13new_allocatorIPP8IXFEventE10deallocateEPS3_j
                0x00000000080056fe       0x20 ./common/xf/xfthread.o
                0x00000000080056fe                __gnu_cxx::new_allocator<IXFEvent**>::deallocate(IXFEvent***, unsigned int)
 .text._ZStmiRKSt15_Deque_iteratorIP8IXFEventRS1_PS1_ES6_
                0x000000000800571e       0x48 ./common/xf/xfthread.o
                0x000000000800571e                std::operator-(std::_Deque_iterator<IXFEvent*, IXFEvent*&, IXFEvent**> const&, std::_Deque_iterator<IXFEvent*, IXFEvent*&, IXFEvent**> const&)
 .text._ZNSt5dequeIP8IXFEventSaIS1_EE11_S_max_sizeERKS2_
                0x0000000008005766       0x34 ./common/xf/xfthread.o
                0x0000000008005766                std::deque<IXFEvent*, std::allocator<IXFEvent*> >::_S_max_size(std::allocator<IXFEvent*> const&)
 .text._ZNSt5dequeIP8IXFEventSaIS1_EE17_M_reallocate_mapEjb
                0x000000000800579a      0x134 ./common/xf/xfthread.o
                0x000000000800579a                std::deque<IXFEvent*, std::allocator<IXFEvent*> >::_M_reallocate_map(unsigned int, bool)
 .text._ZNSt16allocator_traitsISaIP8IXFEventEE8allocateERS2_j
                0x00000000080058ce       0x1e ./common/xf/xfthread.o
                0x00000000080058ce                std::allocator_traits<std::allocator<IXFEvent*> >::allocate(std::allocator<IXFEvent*>&, unsigned int)
 .text._ZN9__gnu_cxx13new_allocatorIPP8IXFEventE8allocateEjPKv
                0x00000000080058ec       0x3c ./common/xf/xfthread.o
                0x00000000080058ec                __gnu_cxx::new_allocator<IXFEvent**>::allocate(unsigned int, void const*)
 .text._ZN9__gnu_cxx13new_allocatorIP8IXFEventE10deallocateEPS2_j
                0x0000000008005928       0x20 ./common/xf/xfthread.o
                0x0000000008005928                __gnu_cxx::new_allocator<IXFEvent*>::deallocate(IXFEvent**, unsigned int)
 .text._ZN9__gnu_cxx13new_allocatorIPP8IXFEventEC2Ev
                0x0000000008005948       0x16 ./common/xf/xfthread.o
                0x0000000008005948                __gnu_cxx::new_allocator<IXFEvent**>::new_allocator()
                0x0000000008005948                __gnu_cxx::new_allocator<IXFEvent**>::new_allocator()
 .text._ZNSt16allocator_traitsISaIP8IXFEventEE8max_sizeERKS2_
                0x000000000800595e       0x18 ./common/xf/xfthread.o
                0x000000000800595e                std::allocator_traits<std::allocator<IXFEvent*> >::max_size(std::allocator<IXFEvent*> const&)
 .text._ZSt3minIjERKT_S2_S2_
                0x0000000008005976       0x28 ./common/xf/xfthread.o
                0x0000000008005976                unsigned int const& std::min<unsigned int>(unsigned int const&, unsigned int const&)
 .text._ZSt4copyIPPP8IXFEventS3_ET0_T_S5_S4_
                0x000000000800599e       0x30 ./common/xf/xfthread.o
                0x000000000800599e                IXFEvent*** std::copy<IXFEvent***, IXFEvent***>(IXFEvent***, IXFEvent***, IXFEvent***)
 .text._ZSt13copy_backwardIPPP8IXFEventS3_ET0_T_S5_S4_
                0x00000000080059ce       0x30 ./common/xf/xfthread.o
                0x00000000080059ce                IXFEvent*** std::copy_backward<IXFEvent***, IXFEvent***>(IXFEvent***, IXFEvent***, IXFEvent***)
 .text._ZN9__gnu_cxx13new_allocatorIP8IXFEventE8allocateEjPKv
                0x00000000080059fe       0x3c ./common/xf/xfthread.o
                0x00000000080059fe                __gnu_cxx::new_allocator<IXFEvent*>::allocate(unsigned int, void const*)
 .text._ZNK9__gnu_cxx13new_allocatorIPP8IXFEventE11_M_max_sizeEv
                0x0000000008005a3a       0x18 ./common/xf/xfthread.o
                0x0000000008005a3a                __gnu_cxx::new_allocator<IXFEvent**>::_M_max_size() const
 .text._ZNK9__gnu_cxx13new_allocatorIP8IXFEventE8max_sizeEv
                0x0000000008005a52       0x18 ./common/xf/xfthread.o
                0x0000000008005a52                __gnu_cxx::new_allocator<IXFEvent*>::max_size() const
 .text._ZSt12__miter_baseIPPP8IXFEventET_S4_
                0x0000000008005a6a       0x16 ./common/xf/xfthread.o
                0x0000000008005a6a                IXFEvent*** std::__miter_base<IXFEvent***>(IXFEvent***)
 .text._ZSt13__copy_move_aILb0EPPP8IXFEventS3_ET1_T0_S5_S4_
                0x0000000008005a80       0x46 ./common/xf/xfthread.o
                0x0000000008005a80                IXFEvent*** std::__copy_move_a<false, IXFEvent***, IXFEvent***>(IXFEvent***, IXFEvent***, IXFEvent***)
 .text._ZSt22__copy_move_backward_aILb0EPPP8IXFEventS3_ET1_T0_S5_S4_
                0x0000000008005ac6       0x46 ./common/xf/xfthread.o
                0x0000000008005ac6                IXFEvent*** std::__copy_move_backward_a<false, IXFEvent***, IXFEvent***>(IXFEvent***, IXFEvent***, IXFEvent***)
 .text._ZNK9__gnu_cxx13new_allocatorIP8IXFEventE11_M_max_sizeEv
                0x0000000008005b0c       0x18 ./common/xf/xfthread.o
                0x0000000008005b0c                __gnu_cxx::new_allocator<IXFEvent*>::_M_max_size() const
 .text._ZSt12__niter_baseIPPP8IXFEventET_S4_
                0x0000000008005b24       0x16 ./common/xf/xfthread.o
                0x0000000008005b24                IXFEvent*** std::__niter_base<IXFEvent***>(IXFEvent***)
 .text._ZSt14__copy_move_a1ILb0EPPP8IXFEventS3_ET1_T0_S5_S4_
                0x0000000008005b3a       0x20 ./common/xf/xfthread.o
                0x0000000008005b3a                IXFEvent*** std::__copy_move_a1<false, IXFEvent***, IXFEvent***>(IXFEvent***, IXFEvent***, IXFEvent***)
 .text._ZSt12__niter_wrapIPPP8IXFEventET_RKS4_S4_
                0x0000000008005b5a       0x18 ./common/xf/xfthread.o
                0x0000000008005b5a                IXFEvent*** std::__niter_wrap<IXFEvent***>(IXFEvent*** const&, IXFEvent***)
 .text._ZSt23__copy_move_backward_a1ILb0EPPP8IXFEventS3_ET1_T0_S5_S4_
                0x0000000008005b72       0x20 ./common/xf/xfthread.o
                0x0000000008005b72                IXFEvent*** std::__copy_move_backward_a1<false, IXFEvent***, IXFEvent***>(IXFEvent***, IXFEvent***, IXFEvent***)
 .text._ZSt14__copy_move_a2ILb0EPPP8IXFEventS3_ET1_T0_S5_S4_
                0x0000000008005b92       0x20 ./common/xf/xfthread.o
                0x0000000008005b92                IXFEvent*** std::__copy_move_a2<false, IXFEvent***, IXFEvent***>(IXFEvent***, IXFEvent***, IXFEvent***)
 .text._ZSt23__copy_move_backward_a2ILb0EPPP8IXFEventS3_ET1_T0_S5_S4_
                0x0000000008005bb2       0x20 ./common/xf/xfthread.o
                0x0000000008005bb2                IXFEvent*** std::__copy_move_backward_a2<false, IXFEvent***, IXFEvent***>(IXFEvent***, IXFEvent***, IXFEvent***)
 .text._ZNSt11__copy_moveILb0ELb1ESt26random_access_iterator_tagE8__copy_mIPP8IXFEventEEPT_PKS6_S9_S7_
                0x0000000008005bd2       0x3a ./common/xf/xfthread.o
                0x0000000008005bd2                IXFEvent*** std::__copy_move<false, true, std::random_access_iterator_tag>::__copy_m<IXFEvent**>(IXFEvent** const*, IXFEvent** const*, IXFEvent***)
 .text._ZNSt20__copy_move_backwardILb0ELb1ESt26random_access_iterator_tagE13__copy_move_bIPP8IXFEventEEPT_PKS6_S9_S7_
                0x0000000008005c0c       0x44 ./common/xf/xfthread.o
                0x0000000008005c0c                IXFEvent*** std::__copy_move_backward<false, true, std::random_access_iterator_tag>::__copy_move_b<IXFEvent**>(IXFEvent** const*, IXFEvent** const*, IXFEvent***)
 .text._ZN9XFTimeoutC2EiiP11IXFReactive
                0x0000000008005c50       0x3c ./common/xf/xftimeout.o
                0x0000000008005c50                XFTimeout::XFTimeout(int, int, IXFReactive*)
                0x0000000008005c50                XFTimeout::XFTimeout(int, int, IXFReactive*)
 .text._ZN9XFTimeoutD2Ev
                0x0000000008005c8c       0x24 ./common/xf/xftimeout.o
                0x0000000008005c8c                XFTimeout::~XFTimeout()
                0x0000000008005c8c                XFTimeout::~XFTimeout()
 .text._ZN9XFTimeoutD0Ev
                0x0000000008005cb0       0x20 ./common/xf/xftimeout.o
                0x0000000008005cb0                XFTimeout::~XFTimeout()
 .text._ZNK9XFTimeouteqERKS_
                0x0000000008005cd0       0x3c ./common/xf/xftimeout.o
                0x0000000008005cd0                XFTimeout::operator==(XFTimeout const&) const
 .text._ZNSt8__detail17_List_node_headerC2Ev
                0x0000000008005d0c       0x18 ./common/xf/xftimeoutmanager.o
                0x0000000008005d0c                std::__detail::_List_node_header::_List_node_header()
                0x0000000008005d0c                std::__detail::_List_node_header::_List_node_header()
 .text._ZNSt8__detail17_List_node_header7_M_initEv
                0x0000000008005d24       0x28 ./common/xf/xftimeoutmanager.o
                0x0000000008005d24                std::__detail::_List_node_header::_M_init()
 .text._ZNSt7__cxx1110_List_baseIP9XFTimeoutSaIS2_EE10_List_implD2Ev
                0x0000000008005d4c       0x18 ./common/xf/xftimeoutmanager.o
                0x0000000008005d4c                std::__cxx11::_List_base<XFTimeout*, std::allocator<XFTimeout*> >::_List_impl::~_List_impl()
                0x0000000008005d4c                std::__cxx11::_List_base<XFTimeout*, std::allocator<XFTimeout*> >::_List_impl::~_List_impl()
 .text._ZNSt7__cxx1110_List_baseIP9XFTimeoutSaIS2_EEC2Ev
                0x0000000008005d64       0x1a ./common/xf/xftimeoutmanager.o
                0x0000000008005d64                std::__cxx11::_List_base<XFTimeout*, std::allocator<XFTimeout*> >::_List_base()
                0x0000000008005d64                std::__cxx11::_List_base<XFTimeout*, std::allocator<XFTimeout*> >::_List_base()
 .text._ZNSt7__cxx114listIP9XFTimeoutSaIS2_EEC2Ev
                0x0000000008005d7e       0x1a ./common/xf/xftimeoutmanager.o
                0x0000000008005d7e                std::__cxx11::list<XFTimeout*, std::allocator<XFTimeout*> >::list()
                0x0000000008005d7e                std::__cxx11::list<XFTimeout*, std::allocator<XFTimeout*> >::list()
 .text._ZNSt7__cxx114listIP9XFTimeoutSaIS2_EED2Ev
                0x0000000008005d98       0x1a ./common/xf/xftimeoutmanager.o
                0x0000000008005d98                std::__cxx11::list<XFTimeout*, std::allocator<XFTimeout*> >::~list()
                0x0000000008005d98                std::__cxx11::list<XFTimeout*, std::allocator<XFTimeout*> >::~list()
 *fill*         0x0000000008005db2        0x2 
 .text._ZN16XFTimeoutManagerC2Ev
                0x0000000008005db4       0x34 ./common/xf/xftimeoutmanager.o
                0x0000000008005db4                XFTimeoutManager::XFTimeoutManager()
                0x0000000008005db4                XFTimeoutManager::XFTimeoutManager()
 .text._ZN16XFTimeoutManagerD2Ev
                0x0000000008005de8       0x28 ./common/xf/xftimeoutmanager.o
                0x0000000008005de8                XFTimeoutManager::~XFTimeoutManager()
                0x0000000008005de8                XFTimeoutManager::~XFTimeoutManager()
 .text._ZN16XFTimeoutManagerD0Ev
                0x0000000008005e10       0x20 ./common/xf/xftimeoutmanager.o
                0x0000000008005e10                XFTimeoutManager::~XFTimeoutManager()
 .text._ZN16XFTimeoutManager11getInstanceEv
                0x0000000008005e30       0x2c ./common/xf/xftimeoutmanager.o
                0x0000000008005e30                XFTimeoutManager::getInstance()
 .text._ZN16XFTimeoutManager15setTickIntervalEi
                0x0000000008005e5c       0x1c ./common/xf/xftimeoutmanager.o
                0x0000000008005e5c                XFTimeoutManager::setTickInterval(int)
 .text._ZN16XFTimeoutManager5startEv
                0x0000000008005e78       0x2a ./common/xf/xftimeoutmanager.o
                0x0000000008005e78                XFTimeoutManager::start()
 .text._ZN16XFTimeoutManager15scheduleTimeoutEiiP11IXFReactive
                0x0000000008005ea2       0x3c ./common/xf/xftimeoutmanager.o
                0x0000000008005ea2                XFTimeoutManager::scheduleTimeout(int, int, IXFReactive*)
 .text._ZN16XFTimeoutManager17unscheduleTimeoutEiP11IXFReactive
                0x0000000008005ede       0x1e ./common/xf/xftimeoutmanager.o
                0x0000000008005ede                XFTimeoutManager::unscheduleTimeout(int, IXFReactive*)
 .text._ZN16XFTimeoutManager4tickEv
                0x0000000008005efc      0x14e ./common/xf/xftimeoutmanager.o
                0x0000000008005efc                XFTimeoutManager::tick()
 *fill*         0x000000000800604a        0x2 
 .text._ZN16XFTimeoutManager10addTimeoutEP9XFTimeout
                0x000000000800604c      0x1e4 ./common/xf/xftimeoutmanager.o
                0x000000000800604c                XFTimeoutManager::addTimeout(XFTimeout*)
 .text._ZN16XFTimeoutManager14removeTimeoutsEiP11IXFReactive
                0x0000000008006230      0x112 ./common/xf/xftimeoutmanager.o
                0x0000000008006230                XFTimeoutManager::removeTimeouts(int, IXFReactive*)
 .text._ZN16XFTimeoutManager13returnTimeoutEP9XFTimeout
                0x0000000008006342       0x28 ./common/xf/xftimeoutmanager.o
                0x0000000008006342                XFTimeoutManager::returnTimeout(XFTimeout*)
 .text._ZN16XFTimeoutManager18startHardwareTimerEi
                0x000000000800636a       0x16 ./common/xf/xftimeoutmanager.o
                0x000000000800636a                XFTimeoutManager::startHardwareTimer(int)
 .text._ZNSt7__cxx1110_List_baseIP9XFTimeoutSaIS2_EE10_List_implC2Ev
                0x0000000008006380       0x20 ./common/xf/xftimeoutmanager.o
                0x0000000008006380                std::__cxx11::_List_base<XFTimeout*, std::allocator<XFTimeout*> >::_List_impl::_List_impl()
                0x0000000008006380                std::__cxx11::_List_base<XFTimeout*, std::allocator<XFTimeout*> >::_List_impl::_List_impl()
 .text._ZNSaISt10_List_nodeIP9XFTimeoutEED2Ev
                0x00000000080063a0       0x18 ./common/xf/xftimeoutmanager.o
                0x00000000080063a0                std::allocator<std::_List_node<XFTimeout*> >::~allocator()
                0x00000000080063a0                std::allocator<std::_List_node<XFTimeout*> >::~allocator()
 .text._ZNSt7__cxx1110_List_baseIP9XFTimeoutSaIS2_EED2Ev
                0x00000000080063b8       0x20 ./common/xf/xftimeoutmanager.o
                0x00000000080063b8                std::__cxx11::_List_base<XFTimeout*, std::allocator<XFTimeout*> >::~_List_base()
                0x00000000080063b8                std::__cxx11::_List_base<XFTimeout*, std::allocator<XFTimeout*> >::~_List_base()
 .text._ZNKSt7__cxx114listIP9XFTimeoutSaIS2_EE5emptyEv
                0x00000000080063d8       0x24 ./common/xf/xftimeoutmanager.o
                0x00000000080063d8                std::__cxx11::list<XFTimeout*, std::allocator<XFTimeout*> >::empty() const
 .text._ZNSt7__cxx114listIP9XFTimeoutSaIS2_EE5frontEv
                0x00000000080063fc       0x26 ./common/xf/xftimeoutmanager.o
                0x00000000080063fc                std::__cxx11::list<XFTimeout*, std::allocator<XFTimeout*> >::front()
 .text._ZNKSt7__cxx114listIP9XFTimeoutSaIS2_EE4sizeEv
                0x0000000008006422       0x18 ./common/xf/xftimeoutmanager.o
                0x0000000008006422                std::__cxx11::list<XFTimeout*, std::allocator<XFTimeout*> >::size() const
 .text._ZNSt7__cxx114listIP9XFTimeoutSaIS2_EE5beginEv
                0x000000000800643a       0x22 ./common/xf/xftimeoutmanager.o
                0x000000000800643a                std::__cxx11::list<XFTimeout*, std::allocator<XFTimeout*> >::begin()
 .text._ZNSt14_List_iteratorIP9XFTimeoutEppEi
                0x000000000800645c       0x28 ./common/xf/xftimeoutmanager.o
                0x000000000800645c                std::_List_iterator<XFTimeout*>::operator++(int)
 .text._ZNKSt14_List_iteratorIP9XFTimeoutEdeEv
                0x0000000008006484       0x1c ./common/xf/xftimeoutmanager.o
                0x0000000008006484                std::_List_iterator<XFTimeout*>::operator*() const
 .text._ZNSt7__cxx114listIP9XFTimeoutSaIS2_EE9pop_frontEv
                0x00000000080064a0       0x20 ./common/xf/xftimeoutmanager.o
                0x00000000080064a0                std::__cxx11::list<XFTimeout*, std::allocator<XFTimeout*> >::pop_front()
 .text._ZNSt7__cxx114listIP9XFTimeoutSaIS2_EE3endEv
                0x00000000080064c0       0x20 ./common/xf/xftimeoutmanager.o
                0x00000000080064c0                std::__cxx11::list<XFTimeout*, std::allocator<XFTimeout*> >::end()
 .text._ZStneRKSt14_List_iteratorIP9XFTimeoutES4_
                0x00000000080064e0       0x28 ./common/xf/xftimeoutmanager.o
                0x00000000080064e0                std::operator!=(std::_List_iterator<XFTimeout*> const&, std::_List_iterator<XFTimeout*> const&)
 .text._ZNSt20_List_const_iteratorIP9XFTimeoutEC2ERKSt14_List_iteratorIS1_E
                0x0000000008006508       0x20 ./common/xf/xftimeoutmanager.o
                0x0000000008006508                std::_List_const_iterator<XFTimeout*>::_List_const_iterator(std::_List_iterator<XFTimeout*> const&)
                0x0000000008006508                std::_List_const_iterator<XFTimeout*>::_List_const_iterator(std::_List_iterator<XFTimeout*> const&)
 .text._ZNSt7__cxx114listIP9XFTimeoutSaIS2_EE5eraseESt20_List_const_iteratorIS2_E
                0x0000000008006528       0x36 ./common/xf/xftimeoutmanager.o
                0x0000000008006528                std::__cxx11::list<XFTimeout*, std::allocator<XFTimeout*> >::erase(std::_List_const_iterator<XFTimeout*>)
 .text._ZNSt7__cxx114listIP9XFTimeoutSaIS2_EE10push_frontERKS2_
                0x000000000800655e       0x24 ./common/xf/xftimeoutmanager.o
                0x000000000800655e                std::__cxx11::list<XFTimeout*, std::allocator<XFTimeout*> >::push_front(XFTimeout* const&)
 .text._ZNSt7__cxx114listIP9XFTimeoutSaIS2_EE6insertESt20_List_const_iteratorIS2_ERKS2_
                0x0000000008006582       0x4c ./common/xf/xftimeoutmanager.o
                0x0000000008006582                std::__cxx11::list<XFTimeout*, std::allocator<XFTimeout*> >::insert(std::_List_const_iterator<XFTimeout*>, XFTimeout* const&)
 .text._ZNSt14_List_iteratorIP9XFTimeoutEppEv
                0x00000000080065ce       0x20 ./common/xf/xftimeoutmanager.o
                0x00000000080065ce                std::_List_iterator<XFTimeout*>::operator++()
 .text._ZNSaISt10_List_nodeIP9XFTimeoutEEC2Ev
                0x00000000080065ee       0x18 ./common/xf/xftimeoutmanager.o
                0x00000000080065ee                std::allocator<std::_List_node<XFTimeout*> >::allocator()
                0x00000000080065ee                std::allocator<std::_List_node<XFTimeout*> >::allocator()
 .text._ZN9__gnu_cxx13new_allocatorISt10_List_nodeIP9XFTimeoutEED2Ev
                0x0000000008006606       0x16 ./common/xf/xftimeoutmanager.o
                0x0000000008006606                __gnu_cxx::new_allocator<std::_List_node<XFTimeout*> >::~new_allocator()
                0x0000000008006606                __gnu_cxx::new_allocator<std::_List_node<XFTimeout*> >::~new_allocator()
 .text._ZNSt7__cxx1110_List_baseIP9XFTimeoutSaIS2_EE8_M_clearEv
                0x000000000800661c       0x4a ./common/xf/xftimeoutmanager.o
                0x000000000800661c                std::__cxx11::_List_base<XFTimeout*, std::allocator<XFTimeout*> >::_M_clear()
 .text._ZNKSt7__cxx114listIP9XFTimeoutSaIS2_EE13_M_node_countEv
                0x0000000008006666       0x1a ./common/xf/xftimeoutmanager.o
                0x0000000008006666                std::__cxx11::list<XFTimeout*, std::allocator<XFTimeout*> >::_M_node_count() const
 .text._ZNSt14_List_iteratorIP9XFTimeoutEC2EPNSt8__detail15_List_node_baseE
                0x0000000008006680       0x1e ./common/xf/xftimeoutmanager.o
                0x0000000008006680                std::_List_iterator<XFTimeout*>::_List_iterator(std::__detail::_List_node_base*)
                0x0000000008006680                std::_List_iterator<XFTimeout*>::_List_iterator(std::__detail::_List_node_base*)
 .text._ZNSt10_List_nodeIP9XFTimeoutE9_M_valptrEv
                0x000000000800669e       0x1c ./common/xf/xftimeoutmanager.o
                0x000000000800669e                std::_List_node<XFTimeout*>::_M_valptr()
 .text._ZNSt7__cxx114listIP9XFTimeoutSaIS2_EE8_M_eraseESt14_List_iteratorIS2_E
                0x00000000080066ba       0x4c ./common/xf/xftimeoutmanager.o
                0x00000000080066ba                std::__cxx11::list<XFTimeout*, std::allocator<XFTimeout*> >::_M_erase(std::_List_iterator<XFTimeout*>)
 .text._ZNKSt20_List_const_iteratorIP9XFTimeoutE13_M_const_castEv
                0x0000000008006706       0x22 ./common/xf/xftimeoutmanager.o
                0x0000000008006706                std::_List_const_iterator<XFTimeout*>::_M_const_cast() const
 .text._ZNSt7__cxx114listIP9XFTimeoutSaIS2_EE9_M_insertIJRKS2_EEEvSt14_List_iteratorIS2_EDpOT_
                0x0000000008006728       0x3c ./common/xf/xftimeoutmanager.o
                0x0000000008006728                void std::__cxx11::list<XFTimeout*, std::allocator<XFTimeout*> >::_M_insert<XFTimeout* const&>(std::_List_iterator<XFTimeout*>, XFTimeout* const&)
 .text._ZNSt7__cxx114listIP9XFTimeoutSaIS2_EE14_M_create_nodeIJRKS2_EEEPSt10_List_nodeIS2_EDpOT_
                0x0000000008006764       0x68 ./common/xf/xftimeoutmanager.o
                0x0000000008006764                std::_List_node<XFTimeout*>* std::__cxx11::list<XFTimeout*, std::allocator<XFTimeout*> >::_M_create_node<XFTimeout* const&>(XFTimeout* const&)
 .text._ZNSt7__cxx1110_List_baseIP9XFTimeoutSaIS2_EE11_M_inc_sizeEj
                0x00000000080067cc       0x22 ./common/xf/xftimeoutmanager.o
                0x00000000080067cc                std::__cxx11::_List_base<XFTimeout*, std::allocator<XFTimeout*> >::_M_inc_size(unsigned int)
 .text._ZN9__gnu_cxx13new_allocatorISt10_List_nodeIP9XFTimeoutEEC2Ev
                0x00000000080067ee       0x16 ./common/xf/xftimeoutmanager.o
                0x00000000080067ee                __gnu_cxx::new_allocator<std::_List_node<XFTimeout*> >::new_allocator()
                0x00000000080067ee                __gnu_cxx::new_allocator<std::_List_node<XFTimeout*> >::new_allocator()
 .text._ZNSt7__cxx1110_List_baseIP9XFTimeoutSaIS2_EE21_M_get_Node_allocatorEv
                0x0000000008006804       0x16 ./common/xf/xftimeoutmanager.o
                0x0000000008006804                std::__cxx11::_List_base<XFTimeout*, std::allocator<XFTimeout*> >::_M_get_Node_allocator()
 .text._ZNSt16allocator_traitsISaISt10_List_nodeIP9XFTimeoutEEE7destroyIS2_EEvRS4_PT_
                0x000000000800681a       0x1a ./common/xf/xftimeoutmanager.o
                0x000000000800681a                void std::allocator_traits<std::allocator<std::_List_node<XFTimeout*> > >::destroy<XFTimeout*>(std::allocator<std::_List_node<XFTimeout*> >&, XFTimeout**)
 .text._ZNSt7__cxx1110_List_baseIP9XFTimeoutSaIS2_EE11_M_put_nodeEPSt10_List_nodeIS2_E
                0x0000000008006834       0x1e ./common/xf/xftimeoutmanager.o
                0x0000000008006834                std::__cxx11::_List_base<XFTimeout*, std::allocator<XFTimeout*> >::_M_put_node(std::_List_node<XFTimeout*>*)
 .text._ZNKSt7__cxx1110_List_baseIP9XFTimeoutSaIS2_EE11_M_get_sizeEv
                0x0000000008006852       0x18 ./common/xf/xftimeoutmanager.o
                0x0000000008006852                std::__cxx11::_List_base<XFTimeout*, std::allocator<XFTimeout*> >::_M_get_size() const
 .text._ZN9__gnu_cxx16__aligned_membufIP9XFTimeoutE6_M_ptrEv
                0x000000000800686a       0x18 ./common/xf/xftimeoutmanager.o
                0x000000000800686a                __gnu_cxx::__aligned_membuf<XFTimeout*>::_M_ptr()
 .text._ZNSt7__cxx1110_List_baseIP9XFTimeoutSaIS2_EE11_M_dec_sizeEj
                0x0000000008006882       0x22 ./common/xf/xftimeoutmanager.o
                0x0000000008006882                std::__cxx11::_List_base<XFTimeout*, std::allocator<XFTimeout*> >::_M_dec_size(unsigned int)
 .text._ZSt7forwardIRKP9XFTimeoutEOT_RNSt16remove_referenceIS4_E4typeE
                0x00000000080068a4       0x16 ./common/xf/xftimeoutmanager.o
                0x00000000080068a4                XFTimeout* const& std::forward<XFTimeout* const&>(std::remove_reference<XFTimeout* const&>::type&)
 .text._ZNSt7__cxx1110_List_baseIP9XFTimeoutSaIS2_EE11_M_get_nodeEv
                0x00000000080068ba       0x1c ./common/xf/xftimeoutmanager.o
                0x00000000080068ba                std::__cxx11::_List_base<XFTimeout*, std::allocator<XFTimeout*> >::_M_get_node()
 .text._ZNSt15__allocated_ptrISaISt10_List_nodeIP9XFTimeoutEEEC2ERS4_PS3_
                0x00000000080068d6       0x28 ./common/xf/xftimeoutmanager.o
                0x00000000080068d6                std::__allocated_ptr<std::allocator<std::_List_node<XFTimeout*> > >::__allocated_ptr(std::allocator<std::_List_node<XFTimeout*> >&, std::_List_node<XFTimeout*>*)