C:/Users/nicis/HESSO/MSc_ElE/MA_DeSEm/ma-desem/Ex05_HAL/hal-project/common/xf/xfeventstatus.h:32:5:EventStatus::EventStatus(EventStatus::eEventStatus)	16	static
../common/platform/nucleo-stm32l476rg/board/button-interface.h:10:7:constexpr ToButton::ToButton()	16	static
../common/platform/nucleo-stm32l476rg/board/button-interface.h:16:10:ToButton::~ToButton()	16	static
../common/platform/nucleo-stm32l476rg/board/button-interface.h:16:10:virtual ToButton::~ToButton()	16	static
../common/platform/nucleo-stm32l476rg/board/button.cpp:5:1:Button::Button()	16	static
../common/platform/nucleo-stm32l476rg/board/button.cpp:11:1:Button::~Button()	16	static
../common/platform/nucleo-stm32l476rg/board/button.cpp:11:1:virtual Button::~Button()	16	static
../common/platform/nucleo-stm32l476rg/board/button.cpp:15:6:void Button::initialize()	16	static
../common/platform/nucleo-stm32l476rg/board/button.cpp:25:6:void Button::initializeHardware()	16	static
../common/platform/nucleo-stm32l476rg/board/button.cpp:40:6:void Button::initializeRelations(ToButtonManager*)	16	static
../common/platform/nucleo-stm32l476rg/board/button.cpp:45:6:void Button::setButtonManager(ToButtonManager*)	16	static
../common/platform/nucleo-stm32l476rg/board/button.cpp:50:6:void Button::start()	16	static
../common/platform/nucleo-stm32l476rg/board/button.cpp:55:8:virtual BState Button::checkButtonState()	16	static
../common/platform/nucleo-stm32l476rg/board/button.cpp:61:6:bool Button::readGpio()	16	static
../common/platform/nucleo-stm32l476rg/board/button.cpp:67:13:virtual EventStatus Button::processEvent()	24	static
