C:/Users/nicis/HESSO/MSc_ElE/MA_DeSEm/ma-desem/Lab_DeseNet/work/desenet-sensor/src/common/platform/nucleo-stm32l476rg/mcu/hal/spi.cpp:9:1:Spi::Spi(int)	16	static
C:/Users/nicis/HESSO/MSc_ElE/MA_DeSEm/ma-desem/Lab_DeseNet/work/desenet-sensor/src/common/platform/nucleo-stm32l476rg/mcu/hal/spi.cpp:26:1:Spi::~Spi()	16	static
C:/Users/nicis/HESSO/MSc_ElE/MA_DeSEm/ma-desem/Lab_DeseNet/work/desenet-sensor/src/common/platform/nucleo-stm32l476rg/mcu/hal/spi.cpp:26:1:virtual Spi::~Spi()	16	static
C:/Users/nicis/HESSO/MSc_ElE/MA_DeSEm/ma-desem/Lab_DeseNet/work/desenet-sensor/src/common/platform/nucleo-stm32l476rg/mcu/hal/spi.cpp:31:1:Spi::Spi(const Spi&)	16	static
C:/Users/nicis/HESSO/MSc_ElE/MA_DeSEm/ma-desem/Lab_DeseNet/work/desenet-sensor/src/common/platform/nucleo-stm32l476rg/mcu/hal/spi.cpp:44:21:void __tcf_0()	8	static
C:/Users/nicis/HESSO/MSc_ElE/MA_DeSEm/ma-desem/Lab_DeseNet/work/desenet-sensor/src/common/platform/nucleo-stm32l476rg/mcu/hal/spi.cpp:51:21:void __tcf_1()	8	static
C:/Users/nicis/HESSO/MSc_ElE/MA_DeSEm/ma-desem/Lab_DeseNet/work/desenet-sensor/src/common/platform/nucleo-stm32l476rg/mcu/hal/spi.cpp:58:21:void __tcf_2()	8	static
C:/Users/nicis/HESSO/MSc_ElE/MA_DeSEm/ma-desem/Lab_DeseNet/work/desenet-sensor/src/common/platform/nucleo-stm32l476rg/mcu/hal/spi.cpp:36:7:static Spi& Spi::instance(uint8_t)	24	static
C:/Users/nicis/HESSO/MSc_ElE/MA_DeSEm/ma-desem/Lab_DeseNet/work/desenet-sensor/src/common/platform/nucleo-stm32l476rg/mcu/hal/spi.cpp:81:6:bool Spi::initialize()	16	static
C:/Users/nicis/HESSO/MSc_ElE/MA_DeSEm/ma-desem/Lab_DeseNet/work/desenet-sensor/src/common/platform/nucleo-stm32l476rg/mcu/hal/spi.cpp:98:6:void Spi::enable()	16	static
C:/Users/nicis/HESSO/MSc_ElE/MA_DeSEm/ma-desem/Lab_DeseNet/work/desenet-sensor/src/common/platform/nucleo-stm32l476rg/mcu/hal/spi.cpp:103:6:void Spi::disable()	16	static
C:/Users/nicis/HESSO/MSc_ElE/MA_DeSEm/ma-desem/Lab_DeseNet/work/desenet-sensor/src/common/platform/nucleo-stm32l476rg/mcu/hal/spi.cpp:112:6:void Spi::resetStateMachine()	16	static
C:/Users/nicis/HESSO/MSc_ElE/MA_DeSEm/ma-desem/Lab_DeseNet/work/desenet-sensor/src/common/platform/nucleo-stm32l476rg/mcu/hal/spi.cpp:124:14:Spi::tStatus Spi::sendByte(unsigned char)	32	static
