c:\users\nicis\hesso\msc_ele\ma_desem\ma-desem\lab_desenet\work\desenet-sensor\src\xf\ixfevent.h:48:23:IXFEvent::eEventType IXFEvent::getEventType() const	16	static
c:\users\nicis\hesso\msc_ele\ma_desem\ma-desem\lab_desenet\work\desenet-sensor\src\xf\ixfevent.h:61:16:int IXFEvent::getId() const	16	static
c:\users\nicis\hesso\msc_ele\ma_desem\ma-desem\lab_desenet\work\desenet-sensor\src\xf\xfeventstatus.h:32:5:EventStatus::EventStatus(EventStatus::eEventStatus)	16	static
C:/Users/nicis/HESSO/MSc_ElE/MA_DeSEm/ma-desem/Lab_DeseNet/work/desenet-sensor/src/common/platform/platform-common/board/ledflasher.h:21:10:LedFlasher::~LedFlasher()	16	static
C:/Users/nicis/HESSO/MSc_ElE/MA_DeSEm/ma-desem/Lab_DeseNet/work/desenet-sensor/src/common/platform/platform-common/board/ledflasher.h:21:10:virtual LedFlasher::~LedFlasher()	16	static
C:/Users/nicis/HESSO/MSc_ElE/MA_DeSEm/ma-desem/Lab_DeseNet/work/desenet-sensor/src/common/platform/platform-common/board/ledflasher.h:64:28:board::LedController& LedFlasher::ledController()	16	static
C:/Users/nicis/HESSO/MSc_ElE/MA_DeSEm/ma-desem/Lab_DeseNet/work/desenet-sensor/src/common/platform/platform-common/board/ledflasher.cpp:5:1:LedFlasher::LedFlasher(uint16_t, board::LedController&)	24	static
C:/Users/nicis/HESSO/MSc_ElE/MA_DeSEm/ma-desem/Lab_DeseNet/work/desenet-sensor/src/common/platform/platform-common/board/ledflasher.cpp:13:6:void LedFlasher::initialize(uint32_t)	16	static
C:/Users/nicis/HESSO/MSc_ElE/MA_DeSEm/ma-desem/Lab_DeseNet/work/desenet-sensor/src/common/platform/platform-common/board/ledflasher.cpp:18:6:void LedFlasher::start()	16	static
C:/Users/nicis/HESSO/MSc_ElE/MA_DeSEm/ma-desem/Lab_DeseNet/work/desenet-sensor/src/common/platform/platform-common/board/ledflasher.cpp:23:6:void LedFlasher::flashLed()	32	static
C:/Users/nicis/HESSO/MSc_ElE/MA_DeSEm/ma-desem/Lab_DeseNet/work/desenet-sensor/src/common/platform/platform-common/board/ledflasher.cpp:28:13:virtual EventStatus LedFlasher::processEvent()	24	static
