c:\st\stm32cubeide_1.10.1\stm32cubeide\plugins\com.st.stm32cube.ide.mcu.externaltools.gnu-tools-for-stm32.10.3-2021.10.win32_1.0.0.202111181127\tools\bin\../lib/gcc/arm-none-eabi/10.3.1/../../../../arm-none-eabi/include/c++/10.3.1/arm-none-eabi/thumb/v7e-m+fp/hard/bits/gthr-default.h:229:1:int __gthread_key_delete(__gthread_key_t)	16	static
c:\users\nicis\hesso\msc_ele\ma_desem\ma-desem\lab_desenet\work\desenet-sensor\src\xf\ixfevent.h:48:23:IXFEvent::eEventType IXFEvent::getEventType() const	16	static
c:\users\nicis\hesso\msc_ele\ma_desem\ma-desem\lab_desenet\work\desenet-sensor\src\xf\ixfevent.h:61:16:int IXFEvent::getId() const	16	static
c:\users\nicis\hesso\msc_ele\ma_desem\ma-desem\lab_desenet\work\desenet-sensor\src\xf\xfeventstatus.h:32:5:EventStatus::EventStatus(EventStatus::eEventStatus)	16	static
C:/Users/nicis/HESSO/MSc_ElE/MA_DeSEm/ma-desem/Lab_DeseNet/work/desenet-sensor/src/common/platform/platform-common/board/interfaces/ijoystick.h:20:14:IJoystick::IJoystick()	16	static
C:/Users/nicis/HESSO/MSc_ElE/MA_DeSEm/ma-desem/Lab_DeseNet/work/desenet-sensor/src/common/platform/platform-common/board/interfaces/ijoystick.h:21:13:IJoystick::~IJoystick()	16	static
C:/Users/nicis/HESSO/MSc_ElE/MA_DeSEm/ma-desem/Lab_DeseNet/work/desenet-sensor/src/common/platform/platform-common/board/interfaces/ijoystick.h:21:13:virtual IJoystick::~IJoystick()	16	static
C:/Users/nicis/HESSO/MSc_ElE/MA_DeSEm/ma-desem/Lab_DeseNet/work/desenet-sensor/src/common/platform/nucleo-stm32l476rg/board/joystick.cpp:14:1:board::Joystick::Joystick()	16	static
C:/Users/nicis/HESSO/MSc_ElE/MA_DeSEm/ma-desem/Lab_DeseNet/work/desenet-sensor/src/common/platform/nucleo-stm32l476rg/board/joystick.cpp:23:1:board::Joystick::Joystick(const board::Joystick&)	16	static
C:/Users/nicis/HESSO/MSc_ElE/MA_DeSEm/ma-desem/Lab_DeseNet/work/desenet-sensor/src/common/platform/nucleo-stm32l476rg/board/joystick.cpp:32:6:virtual bool board::Joystick::initialize()	16	static
C:/Users/nicis/HESSO/MSc_ElE/MA_DeSEm/ma-desem/Lab_DeseNet/work/desenet-sensor/src/common/platform/nucleo-stm32l476rg/board/joystick.cpp:43:6:virtual bool board::Joystick::setObserver(IJoystickObserver*)	16	static
C:/Users/nicis/HESSO/MSc_ElE/MA_DeSEm/ma-desem/Lab_DeseNet/work/desenet-sensor/src/common/platform/nucleo-stm32l476rg/board/joystick.cpp:50:6:virtual void board::Joystick::start()	16	static
C:/Users/nicis/HESSO/MSc_ElE/MA_DeSEm/ma-desem/Lab_DeseNet/work/desenet-sensor/src/common/platform/nucleo-stm32l476rg/board/joystick.cpp:58:18:void __tcf_0()	8	static
C:/Users/nicis/HESSO/MSc_ElE/MA_DeSEm/ma-desem/Lab_DeseNet/work/desenet-sensor/src/common/platform/nucleo-stm32l476rg/board/joystick.cpp:56:12:static board::Joystick& board::Joystick::instance()	8	static
C:/Users/nicis/HESSO/MSc_ElE/MA_DeSEm/ma-desem/Lab_DeseNet/work/desenet-sensor/src/common/platform/nucleo-stm32l476rg/board/joystick.cpp:63:21:virtual IJoystick::Position board::Joystick::position() const	16	static
C:/Users/nicis/HESSO/MSc_ElE/MA_DeSEm/ma-desem/Lab_DeseNet/work/desenet-sensor/src/common/platform/nucleo-stm32l476rg/board/joystick.cpp:68:26:IJoystick::PressedButtons board::Joystick::navigationButtons() const	16	static
C:/Users/nicis/HESSO/MSc_ElE/MA_DeSEm/ma-desem/Lab_DeseNet/work/desenet-sensor/src/common/platform/nucleo-stm32l476rg/board/joystick.cpp:73:26:IJoystick::PressedButtons board::Joystick::_readActualPosition() const	24	static
C:/Users/nicis/HESSO/MSc_ElE/MA_DeSEm/ma-desem/Lab_DeseNet/work/desenet-sensor/src/common/platform/nucleo-stm32l476rg/board/joystick.cpp:91:13:virtual EventStatus board::Joystick::processEvent()	40	static
C:/Users/nicis/HESSO/MSc_ElE/MA_DeSEm/ma-desem/Lab_DeseNet/work/desenet-sensor/src/common/platform/nucleo-stm32l476rg/board/joystick.cpp:145:6:void board::Joystick::doCheckJoystickState()	32	static
C:/Users/nicis/HESSO/MSc_ElE/MA_DeSEm/ma-desem/Lab_DeseNet/work/desenet-sensor/src/common/platform/nucleo-stm32l476rg/board/joystick.cpp:194:6:)	16	static
C:/Users/nicis/HESSO/MSc_ElE/MA_DeSEm/ma-desem/Lab_DeseNet/work/desenet-sensor/src/common/platform/nucleo-stm32l476rg/board/joystick.cpp:216:44:void __tcf_1()	8	static
C:/Users/nicis/HESSO/MSc_ElE/MA_DeSEm/ma-desem/Lab_DeseNet/work/desenet-sensor/src/common/platform/nucleo-stm32l476rg/board/joystick.cpp:214:6:void board::Joystick::onIrq(uint16_t)	16	static
c:\st\stm32cubeide_1.10.1\stm32cubeide\plugins\com.st.stm32cube.ide.mcu.externaltools.gnu-tools-for-stm32.10.3-2021.10.win32_1.0.0.202111181127\tools\arm-none-eabi\include\c++\10.3.1\initializer_list:71:7:constexpr std::initializer_list<_E>::size_type std::initializer_list<_E>::size() const [with _E = unsigned char]	16	static
C:/Users/nicis/HESSO/MSc_ElE/MA_DeSEm/ma-desem/Lab_DeseNet/work/desenet-sensor/src/common/mdw/desenet/address.hpp:47:2:phy::Address<size>::Address(std::initializer_list<unsigned char>) [with unsigned int size = 4]	32	static
c:\st\stm32cubeide_1.10.1\stm32cubeide\plugins\com.st.stm32cube.ide.mcu.externaltools.gnu-tools-for-stm32.10.3-2021.10.win32_1.0.0.202111181127\tools\arm-none-eabi\include\c++\10.3.1\initializer_list:75:7:constexpr const _E* std::initializer_list<_E>::begin() const [with _E = unsigned char]	16	static
c:\st\stm32cubeide_1.10.1\stm32cubeide\plugins\com.st.stm32cube.ide.mcu.externaltools.gnu-tools-for-stm32.10.3-2021.10.win32_1.0.0.202111181127\tools\arm-none-eabi\include\c++\10.3.1\initializer_list:79:7:constexpr const _E* std::initializer_list<_E>::end() const [with _E = unsigned char]	24	static
c:\st\stm32cubeide_1.10.1\stm32cubeide\plugins\com.st.stm32cube.ide.mcu.externaltools.gnu-tools-for-stm32.10.3-2021.10.win32_1.0.0.202111181127\tools\arm-none-eabi\include\c++\10.3.1\bits\stl_algobase.h:560:5:_OI std::copy(_II, _II, _OI) [with _II = const unsigned char*; _OI = unsigned char*]	32	static
c:\st\stm32cubeide_1.10.1\stm32cubeide\plugins\com.st.stm32cube.ide.mcu.externaltools.gnu-tools-for-stm32.10.3-2021.10.win32_1.0.0.202111181127\tools\arm-none-eabi\include\c++\10.3.1\bits\cpp_type_traits.h:544:5:_Iterator std::__miter_base(_Iterator) [with _Iterator = const unsigned char*]	16	static
c:\st\stm32cubeide_1.10.1\stm32cubeide\plugins\com.st.stm32cube.ide.mcu.externaltools.gnu-tools-for-stm32.10.3-2021.10.win32_1.0.0.202111181127\tools\arm-none-eabi\include\c++\10.3.1\bits\stl_algobase.h:511:5:_OI std::__copy_move_a(_II, _II, _OI) [with bool _IsMove = false; _II = const unsigned char*; _OI = unsigned char*]	32	static
c:\st\stm32cubeide_1.10.1\stm32cubeide\plugins\com.st.stm32cube.ide.mcu.externaltools.gnu-tools-for-stm32.10.3-2021.10.win32_1.0.0.202111181127\tools\arm-none-eabi\include\c++\10.3.1\bits\stl_algobase.h:313:5:_Iterator std::__niter_base(_Iterator) [with _Iterator = const unsigned char*]	16	static
c:\st\stm32cubeide_1.10.1\stm32cubeide\plugins\com.st.stm32cube.ide.mcu.externaltools.gnu-tools-for-stm32.10.3-2021.10.win32_1.0.0.202111181127\tools\arm-none-eabi\include\c++\10.3.1\bits\stl_algobase.h:313:5:_Iterator std::__niter_base(_Iterator) [with _Iterator = unsigned char*]	16	static
c:\st\stm32cubeide_1.10.1\stm32cubeide\plugins\com.st.stm32cube.ide.mcu.externaltools.gnu-tools-for-stm32.10.3-2021.10.win32_1.0.0.202111181127\tools\arm-none-eabi\include\c++\10.3.1\bits\stl_algobase.h:505:5:_OI std::__copy_move_a1(_II, _II, _OI) [with bool _IsMove = false; _II = const unsigned char*; _OI = unsigned char*]	24	static
c:\st\stm32cubeide_1.10.1\stm32cubeide\plugins\com.st.stm32cube.ide.mcu.externaltools.gnu-tools-for-stm32.10.3-2021.10.win32_1.0.0.202111181127\tools\arm-none-eabi\include\c++\10.3.1\bits\stl_algobase.h:330:5:_Iterator std::__niter_wrap(const _Iterator&, _Iterator) [with _Iterator = unsigned char*]	16	static
c:\st\stm32cubeide_1.10.1\stm32cubeide\plugins\com.st.stm32cube.ide.mcu.externaltools.gnu-tools-for-stm32.10.3-2021.10.win32_1.0.0.202111181127\tools\arm-none-eabi\include\c++\10.3.1\bits\stl_algobase.h:463:5:_OI std::__copy_move_a2(_II, _II, _OI) [with bool _IsMove = false; _II = const unsigned char*; _OI = unsigned char*]	24	static
c:\st\stm32cubeide_1.10.1\stm32cubeide\plugins\com.st.stm32cube.ide.mcu.externaltools.gnu-tools-for-stm32.10.3-2021.10.win32_1.0.0.202111181127\tools\arm-none-eabi\include\c++\10.3.1\bits\stl_algobase.h:415:2:static _Tp* std::__copy_move<_IsMove, true, std::random_access_iterator_tag>::__copy_m(const _Tp*, const _Tp*, _Tp*) [with _Tp = unsigned char; bool _IsMove = false]	32	static
C:/Users/nicis/HESSO/MSc_ElE/MA_DeSEm/ma-desem/Lab_DeseNet/work/desenet-sensor/src/common/platform/nucleo-stm32l476rg/board/joystick.h:20:7:board::Joystick::~Joystick()	16	static
C:/Users/nicis/HESSO/MSc_ElE/MA_DeSEm/ma-desem/Lab_DeseNet/work/desenet-sensor/src/common/platform/nucleo-stm32l476rg/board/joystick.h:20:7:virtual board::Joystick::~Joystick()	16	static
C:/Users/nicis/HESSO/MSc_ElE/MA_DeSEm/ma-desem/Lab_DeseNet/work/desenet-sensor/src/common/platform/nucleo-stm32l476rg/board/joystick.cpp:223:1:void __static_initialization_and_destruction_0(int, int)	40	static
C:/Users/nicis/HESSO/MSc_ElE/MA_DeSEm/ma-desem/Lab_DeseNet/work/desenet-sensor/src/common/mdw/desenet/address.hpp:56:10:phy::Address<size>::~Address() [with unsigned int size = 4]	16	static
C:/Users/nicis/HESSO/MSc_ElE/MA_DeSEm/ma-desem/Lab_DeseNet/work/desenet-sensor/src/common/mdw/desenet/address.hpp:56:10:phy::Address<size>::~Address() [with unsigned int size = 4]	16	static
C:/Users/nicis/HESSO/MSc_ElE/MA_DeSEm/ma-desem/Lab_DeseNet/work/desenet-sensor/src/common/platform/nucleo-stm32l476rg/board/joystick.cpp:223:1:cpp)	8	static
C:/Users/nicis/HESSO/MSc_ElE/MA_DeSEm/ma-desem/Lab_DeseNet/work/desenet-sensor/src/common/platform/nucleo-stm32l476rg/board/joystick.cpp:223:1:cpp)	8	static
