c:\st\stm32cubeide_1.10.1\stm32cubeide\plugins\com.st.stm32cube.ide.mcu.externaltools.gnu-tools-for-stm32.10.3-2021.10.win32_1.0.0.202111181127\tools\bin\../lib/gcc/arm-none-eabi/10.3.1/../../../../arm-none-eabi/include/c++/10.3.1/arm-none-eabi/thumb/v7e-m+fp/hard/bits/gthr-default.h:229:1:int __gthread_key_delete(__gthread_key_t)	16	static
C:/Users/nicis/HESSO/MSc_ElE/MA_DeSEm/ma-desem/Lab_DeseNet/work/desenet-sensor/src/common/platform/platform-common/board/interfaces/imonochromedisplay.h:59:19:IMonochromeDisplay::Point::Point(int, int)	24	static
c:\st\stm32cubeide_1.10.1\stm32cubeide\plugins\com.st.stm32cube.ide.mcu.externaltools.gnu-tools-for-stm32.10.3-2021.10.win32_1.0.0.202111181127\tools\arm-none-eabi\include\c++\10.3.1\initializer_list:71:7:constexpr std::initializer_list<_E>::size_type std::initializer_list<_E>::size() const [with _E = unsigned char]	16	static
c:\st\stm32cubeide_1.10.1\stm32cubeide\plugins\com.st.stm32cube.ide.mcu.externaltools.gnu-tools-for-stm32.10.3-2021.10.win32_1.0.0.202111181127\tools\arm-none-eabi\include\c++\10.3.1\initializer_list:75:7:constexpr const _E* std::initializer_list<_E>::begin() const [with _E = unsigned char]	16	static
C:/Users/nicis/HESSO/MSc_ElE/MA_DeSEm/ma-desem/Lab_DeseNet/work/desenet-sensor/src/common/mdw/gui/monochromedisplaypainter.cpp:12:1:MonochromeDisplayPainter::MonochromeDisplayPainter(IMonochromeDisplay*, bool)	32	static
C:/Users/nicis/HESSO/MSc_ElE/MA_DeSEm/ma-desem/Lab_DeseNet/work/desenet-sensor/src/common/mdw/gui/monochromedisplaypainter.cpp:19:1:MonochromeDisplayPainter::~MonochromeDisplayPainter()	16	static
C:/Users/nicis/HESSO/MSc_ElE/MA_DeSEm/ma-desem/Lab_DeseNet/work/desenet-sensor/src/common/mdw/gui/monochromedisplaypainter.cpp:19:1:virtual MonochromeDisplayPainter::~MonochromeDisplayPainter()	16	static
C:/Users/nicis/HESSO/MSc_ElE/MA_DeSEm/ma-desem/Lab_DeseNet/work/desenet-sensor/src/common/mdw/gui/monochromedisplaypainter.cpp:25:6:void MonochromeDisplayPainter::begin(IMonochromeDisplay*)	24	static
C:/Users/nicis/HESSO/MSc_ElE/MA_DeSEm/ma-desem/Lab_DeseNet/work/desenet-sensor/src/common/mdw/gui/monochromedisplaypainter.cpp:35:6:void MonochromeDisplayPainter::end()	16	static
C:/Users/nicis/HESSO/MSc_ElE/MA_DeSEm/ma-desem/Lab_DeseNet/work/desenet-sensor/src/common/mdw/gui/monochromedisplaypainter.cpp:52:6:void MonochromeDisplayPainter::clear(IMonochromeDisplay::PixelColor)	96	static
C:/Users/nicis/HESSO/MSc_ElE/MA_DeSEm/ma-desem/Lab_DeseNet/work/desenet-sensor/src/common/mdw/gui/monochromedisplaypainter.cpp:93:6:bool MonochromeDisplayPainter::autoUpdate() const	16	static
C:/Users/nicis/HESSO/MSc_ElE/MA_DeSEm/ma-desem/Lab_DeseNet/work/desenet-sensor/src/common/mdw/gui/monochromedisplaypainter.cpp:97:6:void MonochromeDisplayPainter::setAutoUpdate(bool)	16	static
C:/Users/nicis/HESSO/MSc_ElE/MA_DeSEm/ma-desem/Lab_DeseNet/work/desenet-sensor/src/common/mdw/gui/monochromedisplaypainter.cpp:102:6:void MonochromeDisplayPainter::update()	24	static
C:/Users/nicis/HESSO/MSc_ElE/MA_DeSEm/ma-desem/Lab_DeseNet/work/desenet-sensor/src/common/mdw/gui/monochromedisplaypainter.cpp:107:6:void MonochromeDisplayPainter::drawPixel(const IMonochromeDisplay::Point&, IMonochromeDisplay::PixelColor)	24	static
c:\st\stm32cubeide_1.10.1\stm32cubeide\plugins\com.st.stm32cube.ide.mcu.externaltools.gnu-tools-for-stm32.10.3-2021.10.win32_1.0.0.202111181127\tools\arm-none-eabi\include\c++\10.3.1\bits\stl_algobase.h:254:5:constexpr const _Tp& std::max(const _Tp&, const _Tp&) [with _Tp = int]	16	static
C:/Users/nicis/HESSO/MSc_ElE/MA_DeSEm/ma-desem/Lab_DeseNet/work/desenet-sensor/src/common/mdw/gui/monochromedisplaypainter.cpp:131:6:void MonochromeDisplayPainter::drawLine(const IMonochromeDisplay::Point&, const IMonochromeDisplay::Point&, IMonochromeDisplay::PixelColor)	64	static
C:/Users/nicis/HESSO/MSc_ElE/MA_DeSEm/ma-desem/Lab_DeseNet/work/desenet-sensor/src/common/mdw/gui/monochromedisplaypainter.cpp:217:6:void MonochromeDisplayPainter::drawRectangle(const IMonochromeDisplay::Point&, const IMonochromeDisplay::Size&, IMonochromeDisplay::PixelColor, IMonochromeDisplay::PixelColor)	112	static
C:/Users/nicis/HESSO/MSc_ElE/MA_DeSEm/ma-desem/Lab_DeseNet/work/desenet-sensor/src/common/mdw/gui/monochromedisplaypainter.cpp:399:6:void MonochromeDisplayPainter::drawText(const IMonochromeDisplay::Point&, const string&, IMonochromeDisplay::PixelColor)	72	static
C:/Users/nicis/HESSO/MSc_ElE/MA_DeSEm/ma-desem/Lab_DeseNet/work/desenet-sensor/src/common/mdw/gui/monochromedisplaypainter.cpp:476:6:void MonochromeDisplayPainter::_createOffsetBitmap(bool)	72	static
C:/Users/nicis/HESSO/MSc_ElE/MA_DeSEm/ma-desem/Lab_DeseNet/work/desenet-sensor/src/common/mdw/gui/monochromedisplaypainter.cpp:492:6:void MonochromeDisplayPainter::_setPixel(const IMonochromeDisplay::Point&, IMonochromeDisplay::PixelColor)	88	static
c:\st\stm32cubeide_1.10.1\stm32cubeide\plugins\com.st.stm32cube.ide.mcu.externaltools.gnu-tools-for-stm32.10.3-2021.10.win32_1.0.0.202111181127\tools\arm-none-eabi\include\c++\10.3.1\bits\stl_algobase.h:230:5:constexpr const _Tp& std::min(const _Tp&, const _Tp&) [with _Tp = int]	16	static
C:/Users/nicis/HESSO/MSc_ElE/MA_DeSEm/ma-desem/Lab_DeseNet/work/desenet-sensor/src/common/mdw/gui/monochromedisplaypainter.cpp:517:6:void MonochromeDisplayPainter::_syncDisplay(int, int)	80	static
C:/Users/nicis/HESSO/MSc_ElE/MA_DeSEm/ma-desem/Lab_DeseNet/work/desenet-sensor/src/common/mdw/desenet/address.hpp:47:2:phy::Address<size>::Address(std::initializer_list<unsigned char>) [with unsigned int size = 4]	32	static
c:\st\stm32cubeide_1.10.1\stm32cubeide\plugins\com.st.stm32cube.ide.mcu.externaltools.gnu-tools-for-stm32.10.3-2021.10.win32_1.0.0.202111181127\tools\arm-none-eabi\include\c++\10.3.1\initializer_list:79:7:constexpr const _E* std::initializer_list<_E>::end() const [with _E = unsigned char]	24	static
c:\st\stm32cubeide_1.10.1\stm32cubeide\plugins\com.st.stm32cube.ide.mcu.externaltools.gnu-tools-for-stm32.10.3-2021.10.win32_1.0.0.202111181127\tools\arm-none-eabi\include\c++\10.3.1\bits\stl_algobase.h:560:5:_OI std::copy(_II, _II, _OI) [with _II = const unsigned char*; _OI = unsigned char*]	32	static
c:\st\stm32cubeide_1.10.1\stm32cubeide\plugins\com.st.stm32cube.ide.mcu.externaltools.gnu-tools-for-stm32.10.3-2021.10.win32_1.0.0.202111181127\tools\arm-none-eabi\include\c++\10.3.1\bits\cpp_type_traits.h:544:5:_Iterator std::__miter_base(_Iterator) [with _Iterator = const unsigned char*]	16	static
c:\st\stm32cubeide_1.10.1\stm32cubeide\plugins\com.st.stm32cube.ide.mcu.externaltools.gnu-tools-for-stm32.10.3-2021.10.win32_1.0.0.202111181127\tools\arm-none-eabi\include\c++\10.3.1\bits\stl_algobase.h:511:5:_OI std::__copy_move_a(_II, _II, _OI) [with bool _IsMove = false; _II = const unsigned char*; _OI = unsigned char*]	32	static
c:\st\stm32cubeide_1.10.1\stm32cubeide\plugins\com.st.stm32cube.ide.mcu.externaltools.gnu-tools-for-stm32.10.3-2021.10.win32_1.0.0.202111181127\tools\arm-none-eabi\include\c++\10.3.1\bits\stl_algobase.h:313:5:_Iterator std::__niter_base(_Iterator) [with _Iterator = const unsigned char*]	16	static
c:\st\stm32cubeide_1.10.1\stm32cubeide\plugins\com.st.stm32cube.ide.mcu.externaltools.gnu-tools-for-stm32.10.3-2021.10.win32_1.0.0.202111181127\tools\arm-none-eabi\include\c++\10.3.1\bits\stl_algobase.h:313:5:_Iterator std::__niter_base(_Iterator) [with _Iterator = unsigned char*]	16	static
c:\st\stm32cubeide_1.10.1\stm32cubeide\plugins\com.st.stm32cube.ide.mcu.externaltools.gnu-tools-for-stm32.10.3-2021.10.win32_1.0.0.202111181127\tools\arm-none-eabi\include\c++\10.3.1\bits\stl_algobase.h:505:5:_OI std::__copy_move_a1(_II, _II, _OI) [with bool _IsMove = false; _II = const unsigned char*; _OI = unsigned char*]	24	static
c:\st\stm32cubeide_1.10.1\stm32cubeide\plugins\com.st.stm32cube.ide.mcu.externaltools.gnu-tools-for-stm32.10.3-2021.10.win32_1.0.0.202111181127\tools\arm-none-eabi\include\c++\10.3.1\bits\stl_algobase.h:330:5:_Iterator std::__niter_wrap(const _Iterator&, _Iterator) [with _Iterator = unsigned char*]	16	static
c:\st\stm32cubeide_1.10.1\stm32cubeide\plugins\com.st.stm32cube.ide.mcu.externaltools.gnu-tools-for-stm32.10.3-2021.10.win32_1.0.0.202111181127\tools\arm-none-eabi\include\c++\10.3.1\bits\stl_algobase.h:463:5:_OI std::__copy_move_a2(_II, _II, _OI) [with bool _IsMove = false; _II = const unsigned char*; _OI = unsigned char*]	24	static
c:\st\stm32cubeide_1.10.1\stm32cubeide\plugins\com.st.stm32cube.ide.mcu.externaltools.gnu-tools-for-stm32.10.3-2021.10.win32_1.0.0.202111181127\tools\arm-none-eabi\include\c++\10.3.1\bits\stl_algobase.h:415:2:static _Tp* std::__copy_move<_IsMove, true, std::random_access_iterator_tag>::__copy_m(const _Tp*, const _Tp*, _Tp*) [with _Tp = unsigned char; bool _IsMove = false]	32	static
C:/Users/nicis/HESSO/MSc_ElE/MA_DeSEm/ma-desem/Lab_DeseNet/work/desenet-sensor/src/common/mdw/gui/monochromedisplaypainter.cpp:541:1:void __static_initialization_and_destruction_0(int, int)	40	static
C:/Users/nicis/HESSO/MSc_ElE/MA_DeSEm/ma-desem/Lab_DeseNet/work/desenet-sensor/src/common/mdw/desenet/address.hpp:56:10:phy::Address<size>::~Address() [with unsigned int size = 4]	16	static
C:/Users/nicis/HESSO/MSc_ElE/MA_DeSEm/ma-desem/Lab_DeseNet/work/desenet-sensor/src/common/mdw/desenet/address.hpp:56:10:phy::Address<size>::~Address() [with unsigned int size = 4]	16	static
C:/Users/nicis/HESSO/MSc_ElE/MA_DeSEm/ma-desem/Lab_DeseNet/work/desenet-sensor/src/common/mdw/gui/monochromedisplaypainter.cpp:541:1:cpp)	8	static
C:/Users/nicis/HESSO/MSc_ElE/MA_DeSEm/ma-desem/Lab_DeseNet/work/desenet-sensor/src/common/mdw/gui/monochromedisplaypainter.cpp:541:1:cpp)	8	static
